
Map of Debug\discover.sm8 from link file Debug\discover.lkf - Wed Jun 25 12:54:16 2014


                               --------
                               Segments
                               --------

start 00008080 end 00008180 length   256 segment .const
start 000081e1 end 0000bf45 length 15716 segment .text
start 00001000 end 0000100f length    15 segment .eeprom
start 0000100f end 00001010 length     1 segment .dataeeprom
start 00000000 end 00000003 length     3 segment .bsct, initialized
start 0000818d end 00008190 length     3 segment .bsct, from
start 00000003 end 00000059 length    86 segment .ubsct
start 00000059 end 00000059 length     0 segment .bit
start 00000059 end 00000059 length     0 segment .share
start 00000100 end 00000100 length     0 segment .data
start 00000100 end 00000100 length     0 segment .bss
start 00000100 end 00000100 length     0 segment .LPRUN
start 00000100 end 00000151 length    81 segment .DISPLAY, initialized
start 00008190 end 000081e1 length    81 segment .DISPLAY, from
start 00000000 end 000013e7 length  5095 segment .info.
start 00000000 end 0000e073 length 57459 segment .debug
start 00008000 end 00008080 length   128 segment .const
start 00008180 end 0000818d length    13 segment .init


                               -------
                               Modules
                               -------

C:\Program Files (x86)\COSMIC\CXSTM8_32K\Lib\crtsi0.sm8:
start 000081e1 end 00008231 length    80 section .text
start 00000100 end 00000100 length     0 section .bss
start 00000003 end 00000003 length     0 section .ubsct
start 00000000 end 0000002f length    47 section .info.

Debug\stm8l15x_adc.o:
start 00008231 end 00008447 length   534 section .text
start 00000000 end 00001f3a length  7994 section .debug
start 0000002f end 000000c9 length   154 section .info.

Debug\stm8l15x_clk.o:
start 00008447 end 000087a4 length   861 section .text
start 00001f3a end 00003919 length  6623 section .debug
start 000000c9 end 00000163 length   154 section .info.
start 00008080 end 00008085 length     5 section .const

Debug\stm8l15x_exti.o:
start 000087a4 end 00008ac7 length   803 section .text
start 00003919 end 00004477 length  2910 section .debug
start 00000163 end 000001fe length   155 section .info.

Debug\stm8l15x_flash.o:
start 00008ac7 end 00008cf4 length   557 section .text
start 00004477 end 00005362 length  3819 section .debug
start 000001fe end 0000029a length   156 section .info.

Debug\stm8l15x_gpio.o:
start 00008cf4 end 00008dc0 length   204 section .text
start 00005362 end 00005ea3 length  2881 section .debug
start 0000029a end 00000335 length   155 section .info.

Debug\stm8l15x_i2c.o:
start 00008dc0 end 0000928c length  1228 section .text
start 00005ea3 end 000082f1 length  9294 section .debug
start 00000335 end 000003cf length   154 section .info.
start 00008085 end 00008091 length    12 section .const

Debug\stm8l15x_lcd.o:
start 0000928c end 00009432 length   422 section .text
start 000082f1 end 00009af8 length  6151 section .debug
start 000003cf end 00000469 length   154 section .info.

Debug\stm8l15x_pwr.o:
start ******** end ******** length     0 section .text *** removed ***
start 00009af8 end 0000a190 length  1688 section .debug
start 00000469 end 00000503 length   154 section .info.

Debug\button.o:
start 00009432 end 00009444 length    18 section .text
start 0000a190 end 0000a246 length   182 section .debug
start 00000503 end 00000597 length   148 section .info.

Debug\init.o:
start 00009444 end 0000944e length    10 section .text
start 0000a246 end 0000a2fa length   180 section .debug
start 00000597 end 00000629 length   146 section .info.

Debug\lcd.o:
start 0000944e end 00009466 length    24 section .text
start 0000a2fa end 0000a3e4 length   234 section .debug
start 00000629 end 000006ba length   145 section .info.

Debug\led.o:
start 00009466 end 0000948e length    40 section .text
start 0000a3e4 end 0000a527 length   323 section .debug
start 000006ba end 0000074b length   145 section .info.

Debug\uninit.o:
start 0000948e end 00009569 length   219 section .text
start 0000a527 end 0000a658 length   305 section .debug
start 0000074b end 000007df length   148 section .info.

Debug\vcc_measure.o:
start 00009569 end 00009693 length   298 section .text
start 0000a658 end 0000a7c8 length   368 section .debug
start 000007df end 00000878 length   153 section .info.

Debug\delay.o:
start 00009693 end 00009752 length   191 section .text
start 0000a7c8 end 0000a950 length   392 section .debug
start 00000878 end 0000090b length   147 section .info.

Debug\discover_functions.o:
start 00009752 end 0000988e length   316 section .text
start 0000a950 end 0000ad03 length   947 section .debug
start 0000090b end 000009ab length   160 section .info.
start 0000100f end 00001010 length     1 section .dataeeprom
start 00000100 end 00000151 length    81 section .DISPLAY
start 00008091 end 00008099 length     8 section .const

Debug\i2c_m24lr04e-r.o:
start 0000988e end 0000a132 length  2212 section .text
start 0000ad03 end 0000b3f4 length  1777 section .debug
start 000009ab end 00000a47 length   156 section .info.

Debug\i2c_stts751.o:
start 0000a132 end 0000a554 length  1058 section .text
start 0000b3f4 end 0000b6f5 length   769 section .debug
start 00000a47 end 00000ae0 length   153 section .info.

Debug\main.o:
start 0000a554 end 0000afef length  2715 section .text
start 00000003 end 0000004f length    76 section .ubsct
start 0000b6f5 end 0000cb32 length  5181 section .debug
start 00000ae0 end 00000b72 length   146 section .info.
start 00008099 end 00008109 length   112 section .const
start 00001000 end 0000100f length    15 section .eeprom

Debug\misc.o:
start ******** end ******** length     0 section .text *** removed ***
start 0000cb32 end 0000cc4b length   281 section .debug
start 00000b72 end 00000c04 length   146 section .info.
start ******** end ******** length     0 section .const *** removed ***

Debug\stm8l15x_it.o:
start 0000afef end 0000b07d length   142 section .text
start 0000cc4b end 0000d53a length  2287 section .debug
start 00000c04 end 00000c9d length   153 section .info.

Debug\stm8l_discovery_lcd.o:
start 0000b07d end 0000b97d length  2304 section .text
start 00000000 end 00000003 length     3 section .bsct
start 0000d53a end 0000df4d length  2579 section .debug
start 00000c9d end 00000d3e length   161 section .info.
start 00008109 end 00008180 length   119 section .const

(C:\Program Files (x86)\COSMIC\CXSTM8_32K\Lib\libm0.sm8)fctcpy.o:
start 0000b97d end 0000b9b2 length    53 section .text
start 00000d3e end 00000d6e length    48 section .info.

(C:\Program Files (x86)\COSMIC\CXSTM8_32K\Lib\libm0.sm8)cmulx.o:
start 0000b9b2 end 0000b9c6 length    20 section .text
start 00000d6e end 00000d9d length    47 section .info.

(C:\Program Files (x86)\COSMIC\CXSTM8_32K\Lib\libm0.sm8)eeprom.o:
start 0000b9c6 end 0000ba2c length   102 section .text
start 00000d9d end 00000dcd length    48 section .info.

(C:\Program Files (x86)\COSMIC\CXSTM8_32K\Lib\libm0.sm8)fdiv.o:
start 0000ba2c end 0000bab0 length   132 section .text
start 00000dcd end 00000dfb length    46 section .info.

(C:\Program Files (x86)\COSMIC\CXSTM8_32K\Lib\libm0.sm8)fgmul.o:
start 0000bab0 end 0000bab8 length     8 section .text
start 00000dfb end 00000e2a length    47 section .info.

(C:\Program Files (x86)\COSMIC\CXSTM8_32K\Lib\libm0.sm8)fmul.o:
start 0000bab8 end 0000bb8d length   213 section .text
start 00000e2a end 00000e58 length    46 section .info.

(C:\Program Files (x86)\COSMIC\CXSTM8_32K\Lib\libm0.sm8)ftol.o:
start 0000bb8d end 0000bbef length    98 section .text
start 00000e58 end 00000e86 length    46 section .info.

(C:\Program Files (x86)\COSMIC\CXSTM8_32K\Lib\libm0.sm8)idiv.o:
start 0000bbef end 0000bc0d length    30 section .text
start 00000e86 end 00000eb4 length    46 section .info.

(C:\Program Files (x86)\COSMIC\CXSTM8_32K\Lib\libm0.sm8)itof.o:
start 0000bc0d end 0000bc3b length    46 section .text
start 00000eb4 end 00000ee2 length    46 section .info.

(C:\Program Files (x86)\COSMIC\CXSTM8_32K\Lib\libm0.sm8)ladd.o:
start 0000bc3b end 0000bc53 length    24 section .text
start 00000ee2 end 00000f10 length    46 section .info.

(C:\Program Files (x86)\COSMIC\CXSTM8_32K\Lib\libm0.sm8)lcmp.o:
start 0000bc53 end 0000bc73 length    32 section .text
start 00000f10 end 00000f3e length    46 section .info.

(C:\Program Files (x86)\COSMIC\CXSTM8_32K\Lib\libm0.sm8)lgadd.o:
start 0000bc73 end 0000bc8a length    23 section .text
start 00000f3e end 00000f6d length    47 section .info.

(C:\Program Files (x86)\COSMIC\CXSTM8_32K\Lib\libm0.sm8)lgsbc.o:
start 0000bc8a end 0000bca0 length    22 section .text
start 00000f6d end 00000f9c length    47 section .info.

(C:\Program Files (x86)\COSMIC\CXSTM8_32K\Lib\libm0.sm8)lmul.o:
start 0000bca0 end 0000bd2b length   139 section .text
start 00000f9c end 00000fca length    46 section .info.

(C:\Program Files (x86)\COSMIC\CXSTM8_32K\Lib\libm0.sm8)lreg.o:
start 0000004f end 00000053 length     4 section .ubsct
start 00000fca end 00000ff8 length    46 section .info.

(C:\Program Files (x86)\COSMIC\CXSTM8_32K\Lib\libm0.sm8)lrzmp.o:
start 0000bd2b end 0000bd3f length    20 section .text
start 00000ff8 end 00001027 length    47 section .info.

(C:\Program Files (x86)\COSMIC\CXSTM8_32K\Lib\libm0.sm8)ltor.o:
start 0000bd3f end 0000bd51 length    18 section .text
start 00001027 end 00001055 length    46 section .info.

(C:\Program Files (x86)\COSMIC\CXSTM8_32K\Lib\libm0.sm8)ludiv.o:
start 0000bd51 end 0000bd65 length    20 section .text
start 00001055 end 00001084 length    47 section .info.

(C:\Program Files (x86)\COSMIC\CXSTM8_32K\Lib\libm0.sm8)ldiv.o:
start 0000bd65 end 0000be50 length   235 section .text
start 00001084 end 000010b2 length    46 section .info.

(C:\Program Files (x86)\COSMIC\CXSTM8_32K\Lib\libm0.sm8)lgneg.o:
start 0000be50 end 0000be63 length    19 section .text
start 000010b2 end 000010e1 length    47 section .info.

(C:\Program Files (x86)\COSMIC\CXSTM8_32K\Lib\libm0.sm8)lneg.o:
start 0000be63 end 0000be78 length    21 section .text
start 000010e1 end 0000110f length    46 section .info.

(C:\Program Files (x86)\COSMIC\CXSTM8_32K\Lib\libm0.sm8)lumod.o:
start ******** end ******** length     0 section .text *** removed ***
start 0000110f end 0000113e length    47 section .info.

(C:\Program Files (x86)\COSMIC\CXSTM8_32K\Lib\libm0.sm8)lzmp.o:
start 0000be78 end 0000be8b length    19 section .text
start 0000113e end 0000116c length    46 section .info.

(C:\Program Files (x86)\COSMIC\CXSTM8_32K\Lib\libm0.sm8)rtol.o:
start 0000be8b end 0000be9d length    18 section .text
start 0000116c end 0000119a length    46 section .info.

(C:\Program Files (x86)\COSMIC\CXSTM8_32K\Lib\libm0.sm8)sdivx.o:
start 0000be9d end 0000bec8 length    43 section .text
start 0000119a end 000011c9 length    47 section .info.

(C:\Program Files (x86)\COSMIC\CXSTM8_32K\Lib\libm0.sm8)smul.o:
start 0000bec8 end 0000bf07 length    63 section .text
start 000011c9 end 000011f7 length    46 section .info.

(C:\Program Files (x86)\COSMIC\CXSTM8_32K\Lib\libm0.sm8)uitof.o:
start 0000bf07 end 0000bf2b length    36 section .text
start 000011f7 end 00001226 length    47 section .info.

(C:\Program Files (x86)\COSMIC\CXSTM8_32K\Lib\libm0.sm8)utol.o:
start 0000bf2b end 0000bf36 length    11 section .text
start 00001226 end 00001254 length    46 section .info.

(C:\Program Files (x86)\COSMIC\CXSTM8_32K\Lib\libm0.sm8)utolx.o:
start ******** end ******** length     0 section .text *** removed ***
start 00001254 end 00001283 length    47 section .info.

(C:\Program Files (x86)\COSMIC\CXSTM8_32K\Lib\libm0.sm8)xreg.o:
start 00000053 end 00000056 length     3 section .ubsct
start 00001283 end 000012b1 length    46 section .info.

(C:\Program Files (x86)\COSMIC\CXSTM8_32K\Lib\libm0.sm8)xymvx.o:
start 0000bf36 end 0000bf45 length    15 section .text
start 000012b1 end 000012e0 length    47 section .info.

(C:\Program Files (x86)\COSMIC\CXSTM8_32K\Lib\libm0.sm8)yreg.o:
start 00000056 end 00000059 length     3 section .ubsct
start 000012e0 end 0000130e length    46 section .info.

Debug\stm8_interrupt_vector.o:
start 0000df4d end 0000e073 length   294 section .debug
start 0000130e end 000013b1 length   163 section .info.
start 00008000 end 00008080 length   128 section .const


                             -----------
                             Stack usage
                             -----------

Debug\button.o:
_initButton                                 8   (2)

Debug\delay.o:
_delayLFO_ms                               13   (4)
_delay_10us                                 9   (4)
_delay_ms                                   9   (4)

Debug\discover_functions.o:
_Display_Ram                               48   (4)
_FLASH_ProgramBias                     >   12   (3)
_Vdd_appli                                 28   (14)
_Vref_measure                              45   (16)
_convert_into_char                         16   (16)

Debug\i2c_m24lr04e-r.o:
L3_M24LR04E_LowLevel_DeInit                 8   (2)
L5_M24LR04E_LowLevel_Init                   7   (2)
_M24LR04E_DeInit                           10   (2)
_M24LR04E_GetStatus                    >   18   (6)
_M24LR04E_Init                             53   (2)
_M24LR04E_ReadBuffer                       24   (12)
_M24LR04E_ReadConfReg                  >   15   (3)
_M24LR04E_ReadOneByte                      23   (11)
_M24LR04E_ReadReg                      >   17   (5)
_M24LR04E_ReadTemp                     >   16   (4)
_M24LR04E_WriteConfReg                 >   15   (3)
_M24LR04E_WriteOneByte                     22   (10)
_M24LR04E_WriteReg                     >   17   (5)

Debug\i2c_stts751.o:
L3_I2C_SS_LowLevel_Init                     7   (2)
_I2C_SS_BufferRead                     >   22   (10)
_I2C_SS_Config                             20   (8)
_I2C_SS_Init                               53   (2)
_I2C_SS_ReadOneByte                        21   (9)

Debug\init.o:
_Initialize                                13   (2)

Debug\lcd.o:
_clearLCD                                   5   (2)
_initLCD                                   11   (2)

Debug\led.o:
_initLED                                    8   (2)
_setLED                                     7   (2)

Debug\main.o:
L11_User_CheckNDEFMessage                  29   (6)
L13_User_DisplayMessageActiveHaltMode  >   50   (2)
L14_Copy_Units_in_other_memory             97   (22)
L16_OverwriteAll_CODE_EEPROM               71   (18)
L31_User_GetNDEFMessage                    31   (7)
L32_InitializeBuffer                        5   (5)
L33_User_GetOneTemperature                 58   (5)
L34_Check_PID_Buffer_Equal                 35   (2)
L35_State_DisplayMessage                   33   (5)
L51_ToUpperCase                           278   (278)
L52_User_ReadNDEFMessage                  284   (6)
L53_User_DisplayOneTemperature             44   (15)
L55_Check_Code_Length                       2   (2)
L71_User_DesactivateEnergyHarvesting   >   26   (4)
L72_User_DisplayMessage                    51   (5)
L73_User_WriteFirmwareVersion              59   (6)
L74_Read_Units_from_memory                 97   (22)
L75_Overwrite_dollar_EEPROM                75   (22)
L7_User_GetPayloadLength                   29   (6)
_LCD_GLASS_DisplayString_1                 28   (5)
_main                                  >  290   (6)

Debug\stm8l15x_adc.o:
_ADC_AnalogWatchdogChannelSelect       >    5   (5)
_ADC_AnalogWatchdogConfig              >    9   (9)
_ADC_AnalogWatchdogThresholdsConfig    >    8   (8)
_ADC_ChannelCmd                             8   (8)
_ADC_ClearFlag                         >    5   (5)
_ADC_ClearITPendingBit                 >    7   (7)
_ADC_Cmd                                    5   (5)
_ADC_DMACmd                            >    5   (5)
_ADC_DeInit                                 2   (2)
_ADC_ExternalTrigConfig                >    6   (6)
_ADC_GetConversionValue                     6   (6)
_ADC_GetFlagStatus                          6   (6)
_ADC_GetITStatus                       >    8   (8)
_ADC_ITConfig                          >    6   (6)
_ADC_Init                                   7   (7)
_ADC_SamplingTimeConfig                     6   (6)
_ADC_SchmittTriggerConfig                   8   (8)
_ADC_SoftwareStartConv                      2   (2)
_ADC_TempSensorCmd                     >    2   (2)
_ADC_VrefintCmd                             2   (2)

Debug\stm8l15x_clk.o:
_CLK_AdjustHSICalibrationValue         >    2   (2)
_CLK_BEEPClockConfig                   >    2   (2)
_CLK_CCOConfig                         >    4   (4)
_CLK_ClearFlag                         >    2   (2)
_CLK_ClearITPendingBit                 >    2   (2)
_CLK_ClockSecuritySystemEnable         >    2   (2)
_CLK_ClockSecuritySytemDeglitchCmd     >    2   (2)
_CLK_DeInit                            >    2   (2)
_CLK_GetClockFreq                          25   (11)
_CLK_GetFlagStatus                     >    5   (5)
_CLK_GetITStatus                       >    4   (4)
_CLK_GetSYSCLKSource                   >    2   (2)
_CLK_HSEConfig                         >    2   (2)
_CLK_HSICmd                                 2   (2)
_CLK_HaltConfig                        >    4   (4)
_CLK_ITConfig                          >    4   (4)
_CLK_LSEClockSecuritySystemEnable      >    2   (2)
_CLK_LSEConfig                         >    2   (2)
_CLK_LSICmd                                 2   (2)
_CLK_MainRegulatorCmd                  >    2   (2)
_CLK_PeripheralClockConfig                  5   (5)
_CLK_RTCCLKSwitchOnLSEFailureEnable    >    2   (2)
_CLK_RTCClockConfig                         4   (4)
_CLK_SYSCLKDivConfig                        2   (2)
_CLK_SYSCLKSourceConfig                     2   (2)
_CLK_SYSCLKSourceSwitchCmd                  2   (2)

Debug\stm8l15x_exti.o:
_EXTI_ClearITPendingBit                     6   (6)
_EXTI_DeInit                           >    2   (2)
_EXTI_GetITStatus                      >    5   (5)
_EXTI_GetPinSensitivity                >    3   (3)
_EXTI_GetPortSensitivity               >    4   (4)
_EXTI_SelectPort                       >    3   (3)
_EXTI_SetHalfPortSelection             >    4   (4)
_EXTI_SetPinSensitivity                     4   (4)
_EXTI_SetPortSensitivity               >    4   (4)

Debug\stm8l15x_flash.o:
_FLASH_DeInit                          >    2   (2)
_FLASH_EraseBlock                      >   13   (11)
_FLASH_EraseByte                       >    6   (6)
_FLASH_EraseOptionByte                 >   11   (2)
_FLASH_GetBootSize                     >    4   (4)
_FLASH_GetCodeSize                     >    4   (4)
_FLASH_GetFlagStatus                   >    3   (3)
_FLASH_GetPowerStatus                  >    2   (2)
_FLASH_GetProgrammingTime              >    2   (2)
_FLASH_GetReadOutProtectionStatus      >    3   (3)
_FLASH_ITConfig                        >    2   (2)
_FLASH_Lock                                 2   (2)
_FLASH_PowerRunModeConfig              >    2   (2)
_FLASH_PowerWaitModeConfig             >    2   (2)
_FLASH_ProgramBlock                    >   16   (14)
_FLASH_ProgramByte                     >    7   (7)
_FLASH_ProgramOptionByte               >   14   (5)
_FLASH_ProgramWord                     >   10   (10)
_FLASH_ReadByte                        >    6   (6)
_FLASH_SetProgrammingTime              >    2   (2)
_FLASH_Unlock                               3   (3)
_FLASH_WaitForLastOperation                 9   (7)

Debug\stm8l15x_gpio.o:
_GPIO_DeInit                           >    2   (2)
_GPIO_ExternalPullUpConfig             >    6   (6)
_GPIO_Init                                  6   (6)
_GPIO_ReadInputData                    >    2   (2)
_GPIO_ReadInputDataBit                 >    5   (5)
_GPIO_ReadOutputData                   >    2   (2)
_GPIO_ReadOutputDataBit                >    5   (5)
_GPIO_ResetBits                             5   (5)
_GPIO_SetBits                               5   (5)
_GPIO_ToggleBits                       >    5   (5)
_GPIO_Write                            >    5   (5)
_GPIO_WriteBit                         >    6   (6)

Debug\stm8l15x_i2c.o:
_I2C_ARPCmd                            >    5   (5)
_I2C_AckPositionConfig                      5   (5)
_I2C_AcknowledgeConfig                      5   (5)
_I2C_CalculatePEC                      >    5   (5)
_I2C_CheckEvent                            12   (12)
_I2C_ClearFlag                              8   (8)
_I2C_ClearITPendingBit                 >    8   (8)
_I2C_Cmd                                    5   (5)
_I2C_DMACmd                            >    5   (5)
_I2C_DMALastTransferCmd                >    5   (5)
_I2C_DeInit                                 2   (2)
_I2C_DualAddressCmd                    >    5   (5)
_I2C_FastModeDutyCycleConfig           >    5   (5)
_I2C_GeneralCallCmd                    >    5   (5)
_I2C_GenerateSTART                          5   (5)
_I2C_GenerateSTOP                           5   (5)
_I2C_GetFlagStatus                          8   (8)
_I2C_GetITStatus                       >   10   (10)
_I2C_GetLastEvent                      >   10   (10)
_I2C_GetPEC                            >    2   (2)
_I2C_ITConfig                          >    7   (7)
_I2C_Init                                  51   (26)
_I2C_OwnAddress2Config                 >    6   (6)
_I2C_PECPositionConfig                 >    5   (5)
_I2C_ReadRegister                      >    9   (9)
_I2C_ReceiveData                            2   (2)
_I2C_SMBusAlertConfig                  >    5   (5)
_I2C_Send7bitAddress                        6   (6)
_I2C_SendData                               5   (5)
_I2C_SoftwareResetCmd                  >    5   (5)
_I2C_StretchClockCmd                   >    5   (5)
_I2C_TransmitPEC                       >    5   (5)

Debug\stm8l15x_it.o:
f_ADC1_COMP_IRQHandler                 >    6   (6)
f_DMA1_CHANNEL0_1_IRQHandler           >    6   (6)
f_DMA1_CHANNEL2_3_IRQHandler           >    6   (6)
f_EXTI0_IRQHandler                     >    6   (6)
f_EXTI1_IRQHandler                     >    6   (6)
f_EXTI2_IRQHandler                     >    6   (6)
f_EXTI3_IRQHandler                     >    6   (6)
f_EXTI4_IRQHandler                     >    6   (6)
f_EXTI5_IRQHandler                     >    6   (6)
f_EXTI6_IRQHandler                     >    6   (6)
f_EXTI7_IRQHandler                     >   18   (12)
f_EXTIB_IRQHandler                     >    6   (6)
f_EXTID_IRQHandler                     >    6   (6)
f_EXTIE_F_PVD_IRQHandler               >    6   (6)
f_FLASH_IRQHandler                     >    6   (6)
f_I2C1_IRQHandler                      >    6   (6)
f_LCD_IRQHandler                       >    6   (6)
f_NonHandledInterrupt                  >    6   (6)
f_RTC_IRQHandler                       >    6   (6)
f_SPI1_IRQHandler                      >    6   (6)
f_SWITCH_CSS_BREAK_DAC_IRQHandler      >    6   (6)
f_TIM1_CAP_IRQHandler                  >    6   (6)
f_TIM1_UPD_OVF_TRG_COM_IRQHandler      >    6   (6)
f_TIM2_CAP_IRQHandler                  >    6   (6)
f_TIM2_UPD_OVF_TRG_BRK_IRQHandler      >    6   (6)
f_TIM3_CAP_IRQHandler                  >    6   (6)
f_TIM3_UPD_OVF_TRG_BRK_IRQHandler      >    6   (6)
f_TIM4_UPD_OVF_TRG_IRQHandler          >    6   (6)
f_TRAP_IRQHandler                      >    6   (6)
f_USART1_RX_IRQHandler                 >    6   (6)
f_USART1_TX_IRQHandler                 >    6   (6)

Debug\stm8l15x_lcd.o:
_LCD_BlinkConfig                       >    2   (2)
_LCD_ClearFlag                         >    2   (2)
_LCD_ClearITPendingBit                 >    2   (2)
_LCD_Cmd                                    2   (2)
_LCD_ContrastConfig                         3   (3)
_LCD_DeInit                            >    3   (3)
_LCD_DeadTimeConfig                         3   (3)
_LCD_GetFlagStatus                     >    3   (3)
_LCD_GetITStatus                       >    3   (3)
_LCD_HighDriveCmd                      >    2   (2)
_LCD_ITConfig                          >    2   (2)
_LCD_Init                                   7   (7)
_LCD_PageSelect                        >    2   (2)
_LCD_PortMaskConfig                         4   (4)
_LCD_PulseOnDurationConfig                  3   (3)
_LCD_WriteRAM                          >    4   (4)

Debug\stm8l_discovery_lcd.o:
L3_LCD_Conv_Char_Seg                       12   (12)
_LCD_GLASS_Clear                            3   (3)
_LCD_GLASS_DisplayStrDeci                  29   (6)
_LCD_GLASS_DisplayString                   28   (5)
_LCD_GLASS_Init                             9   (2)
_LCD_GLASS_ScrollSentence              >   48   (20)
_LCD_GLASS_ScrollSentenceNbCar             46   (18)
_LCD_GLASS_ScrollSentenceNbCarLP           44   (16)
_LCD_GLASS_WriteChar                       23   (11)
_LCD_bar                                    2   (2)
_LCD_contrast                          >   12   (3)

Debug\uninit.o:
_UnInitClock                                7   (2)
_UnInitGPIO                                 8   (2)
_UnInitialize                              10   (2)

Debug\vcc_measure.o:
_ADC_Supply                                14   (5)
_GPIO_LowPower_Config                       8   (2)
_Halt_Init                             >   10   (2)
__fctcpy                                    3   (3)

Stack size: 308


                              ---------
                              Call tree
                              ---------
   1 > L13_User_DisplayMessageActiveHaltMode: (2)
   2      + _CLK_HSICmd: (2)
   3      + _CLK_SYSCLKDivConfig: (2)
   4      + _CLK_SYSCLKSourceConfig: (2)
   5      + _CLK_SYSCLKSourceSwitchCmd: (2)
   6      + _Display_Ram: (4)
   7      |    + _LCD_GLASS_ScrollSentenceNbCarLP: (16)
   8      |    |    + _LCD_GLASS_DisplayString: (5)
   9      |    |    |    + _LCD_GLASS_Clear: (3)
  10      |    |    |    + _LCD_GLASS_WriteChar: (11)
  11      |    |    |    |    + L3_LCD_Conv_Char_Seg: (12)
  12      |    |    |    |    + _LCD_bar: (2)
          |    |    |    | 
          |    |    | 
  13      |    |    + _delay_10us: (4)
  14      |    |    |    + _CLK_PeripheralClockConfig: (5)
          |    |    | 
          |    | 
          | 
  15      + __fctcpy: (3)
       
  16 > L71_User_DesactivateEnergyHarvesting: (4)
  17      + _M24LR04E_WriteOneByte: (10)
  18      |    + _I2C_CheckEvent: (12)
  19      |    + _I2C_GenerateSTART: (5)
  20      |    + _I2C_GenerateSTOP: (5)
  21      |    + _I2C_Send7bitAddress: (6)
  22      |    + _I2C_SendData: (5)
          | 
       
  23 > _ADC_AnalogWatchdogChannelSelect: (5)

  24 > _ADC_AnalogWatchdogConfig: (9)

  25 > _ADC_AnalogWatchdogThresholdsConfig: (8)

  26 > _ADC_ClearFlag: (5)

  27 > _ADC_ClearITPendingBit: (7)

  28 > _ADC_DMACmd: (5)

  29 > _ADC_ExternalTrigConfig: (6)

  30 > _ADC_GetITStatus: (8)

  31 > _ADC_ITConfig: (6)

  32 > _ADC_TempSensorCmd: (2)

  33 > _CLK_AdjustHSICalibrationValue: (2)

  34 > _CLK_BEEPClockConfig: (2)

  35 > _CLK_CCOConfig: (4)

  36 > _CLK_ClearFlag: (2)

  37 > _CLK_ClearITPendingBit: (2)

  38 > _CLK_ClockSecuritySystemEnable: (2)

  39 > _CLK_ClockSecuritySytemDeglitchCmd: (2)

  40 > _CLK_DeInit: (2)

  41 > _CLK_GetFlagStatus: (5)

  42 > _CLK_GetITStatus: (4)

  43 > _CLK_GetSYSCLKSource: (2)

  44 > _CLK_HSEConfig: (2)

  45 > _CLK_HaltConfig: (4)

  46 > _CLK_ITConfig: (4)

  47 > _CLK_LSEClockSecuritySystemEnable: (2)

  48 > _CLK_LSEConfig: (2)

  49 > _CLK_MainRegulatorCmd: (2)

  50 > _CLK_RTCCLKSwitchOnLSEFailureEnable: (2)

  51 > _EXTI_DeInit: (2)

  52 > _EXTI_GetITStatus: (5)

  53 > _EXTI_GetPinSensitivity: (3)

  54 > _EXTI_GetPortSensitivity: (4)

  55 > _EXTI_SelectPort: (3)

  56 > _EXTI_SetHalfPortSelection: (4)

  57 > _EXTI_SetPortSensitivity: (4)

  58 > _FLASH_DeInit: (2)

  59 > _FLASH_EraseBlock: (11)

  60 > _FLASH_EraseByte: (6)

  61 > _FLASH_EraseOptionByte: (2)
  62      + _FLASH_WaitForLastOperation: (7)
       
  63 > _FLASH_GetBootSize: (4)

  64 > _FLASH_GetCodeSize: (4)

  65 > _FLASH_GetFlagStatus: (3)

  66 > _FLASH_GetPowerStatus: (2)

  67 > _FLASH_GetProgrammingTime: (2)

  68 > _FLASH_GetReadOutProtectionStatus: (3)

  69 > _FLASH_ITConfig: (2)

  70 > _FLASH_PowerRunModeConfig: (2)

  71 > _FLASH_PowerWaitModeConfig: (2)

  72 > _FLASH_ProgramBias: (3)
  73      + _FLASH_Lock: (2)
  74      + _FLASH_Unlock: (3)
  75      + _FLASH_WaitForLastOperation --> 62
       
  76 > _FLASH_ProgramBlock: (14)

  77 > _FLASH_ProgramByte: (7)

  78 > _FLASH_ProgramOptionByte: (5)
  79      + _FLASH_WaitForLastOperation --> 62
       
  80 > _FLASH_ProgramWord: (10)

  81 > _FLASH_ReadByte: (6)

  82 > _FLASH_SetProgrammingTime: (2)

  83 > _GPIO_DeInit: (2)

  84 > _GPIO_ExternalPullUpConfig: (6)

  85 > _GPIO_ReadInputData: (2)

  86 > _GPIO_ReadInputDataBit: (5)

  87 > _GPIO_ReadOutputData: (2)

  88 > _GPIO_ReadOutputDataBit: (5)

  89 > _GPIO_ToggleBits: (5)

  90 > _GPIO_Write: (5)

  91 > _GPIO_WriteBit: (6)

  92 > _Halt_Init: (2)
  93      + _CLK_LSICmd: (2)
  94      + _CLK_PeripheralClockConfig --> 14
  95      + _CLK_RTCClockConfig: (4)
  96      + _GPIO_LowPower_Config: (2)
  97      |    + _GPIO_Init: (6)
          | 
  98      + _LCD_Cmd: (2)
       
  99 > _I2C_ARPCmd: (5)

 100 > _I2C_CalculatePEC: (5)

 101 > _I2C_ClearITPendingBit: (8)

 102 > _I2C_DMACmd: (5)

 103 > _I2C_DMALastTransferCmd: (5)

 104 > _I2C_DualAddressCmd: (5)

 105 > _I2C_FastModeDutyCycleConfig: (5)

 106 > _I2C_GeneralCallCmd: (5)

 107 > _I2C_GetITStatus: (10)

 108 > _I2C_GetLastEvent: (10)

 109 > _I2C_GetPEC: (2)

 110 > _I2C_ITConfig: (7)

 111 > _I2C_OwnAddress2Config: (6)

 112 > _I2C_PECPositionConfig: (5)

 113 > _I2C_ReadRegister: (9)

 114 > _I2C_SMBusAlertConfig: (5)

 115 > _I2C_SS_BufferRead: (10)
 116      + _I2C_AckPositionConfig: (5)
 117      + _I2C_AcknowledgeConfig: (5)
 118      + _I2C_CheckEvent --> 18
 119      + _I2C_GenerateSTART --> 19
 120      + _I2C_GenerateSTOP --> 20
 121      + _I2C_GetFlagStatus: (8)
 122      + _I2C_ReceiveData: (2)
 123      + _I2C_Send7bitAddress --> 21
 124      + _I2C_SendData --> 22
       
 125 > _I2C_SoftwareResetCmd: (5)

 126 > _I2C_StretchClockCmd: (5)

 127 > _I2C_TransmitPEC: (5)

 128 > _LCD_BlinkConfig: (2)

 129 > _LCD_ClearFlag: (2)

 130 > _LCD_ClearITPendingBit: (2)

 131 > _LCD_DeInit: (3)

 132 > _LCD_GLASS_ScrollSentence: (20)
 133      + _LCD_GLASS_Clear --> 9
 134      + _LCD_GLASS_DisplayString --> 8
 135      + _delay_ms: (4)
 136      |    + _CLK_PeripheralClockConfig --> 14
          | 
       
 137 > _LCD_GetFlagStatus: (3)

 138 > _LCD_GetITStatus: (3)

 139 > _LCD_HighDriveCmd: (2)

 140 > _LCD_ITConfig: (2)

 141 > _LCD_PageSelect: (2)

 142 > _LCD_WriteRAM: (4)

 143 > _LCD_contrast: (3)
 144      + _LCD_ContrastConfig: (3)
 145      + _delay_ms --> 135
       
 146 > _M24LR04E_GetStatus: (6)
 147      + _I2C_AcknowledgeConfig --> 117
 148      + _I2C_CheckEvent --> 18
 149      + _I2C_ClearFlag: (8)
 150      + _I2C_GenerateSTART --> 19
 151      + _I2C_GetFlagStatus --> 121
 152      + _I2C_Send7bitAddress --> 21
       
 153 > _M24LR04E_ReadConfReg: (3)
 154      + _I2C_AcknowledgeConfig --> 117
 155      + _I2C_CheckEvent --> 18
 156      + _I2C_GenerateSTART --> 19
 157      + _I2C_GenerateSTOP --> 20
 158      + _I2C_GetFlagStatus --> 121
 159      + _I2C_ReceiveData --> 122
 160      + _I2C_Send7bitAddress --> 21
 161      + _I2C_SendData --> 22
       
 162 > _M24LR04E_ReadReg: (5)
 163      + _I2C_AcknowledgeConfig --> 117
 164      + _I2C_CheckEvent --> 18
 165      + _I2C_GenerateSTART --> 19
 166      + _I2C_GenerateSTOP --> 20
 167      + _I2C_GetFlagStatus --> 121
 168      + _I2C_ReceiveData --> 122
 169      + _I2C_Send7bitAddress --> 21
 170      + _I2C_SendData --> 22
       
 171 > _M24LR04E_ReadTemp: (4)
 172      + _I2C_AcknowledgeConfig --> 117
 173      + _I2C_CheckEvent --> 18
 174      + _I2C_GenerateSTART --> 19
 175      + _I2C_GenerateSTOP --> 20
 176      + _I2C_GetFlagStatus --> 121
 177      + _I2C_ReceiveData --> 122
 178      + _I2C_Send7bitAddress --> 21
 179      + _I2C_SendData --> 22
       
 180 > _M24LR04E_WriteConfReg: (3)
 181      + _I2C_CheckEvent --> 18
 182      + _I2C_GenerateSTART --> 19
 183      + _I2C_GenerateSTOP --> 20
 184      + _I2C_Send7bitAddress --> 21
 185      + _I2C_SendData --> 22
       
 186 > _M24LR04E_WriteReg: (5)
 187      + _I2C_CheckEvent --> 18
 188      + _I2C_GenerateSTART --> 19
 189      + _I2C_GenerateSTOP --> 20
 190      + _I2C_Send7bitAddress --> 21
 191      + _I2C_SendData --> 22
       
 192 > __stext: (0)

 193 > _main: (6)
 194      + L14_Copy_Units_in_other_memory: (22)
 195      |    + L16_OverwriteAll_CODE_EEPROM: (18)
 196      |    |    + _CLK_PeripheralClockConfig --> 14
 197      |    |    + _I2C_Cmd: (5)
 198      |    |    + _M24LR04E_Init: (2)
 199      |    |    |    + L5_M24LR04E_LowLevel_Init: (2)
 200      |    |    |    |    + _CLK_PeripheralClockConfig --> 14
          |    |    |    | 
 201      |    |    |    + _I2C_Cmd --> 197
 202      |    |    |    + _I2C_DeInit: (2)
 203      |    |    |    + _I2C_Init: (26)
 204      |    |    |    |    + _CLK_GetClockFreq: (11)
          |    |    |    | 
          |    |    | 
 205      |    |    + _M24LR04E_WriteOneByte --> 17
 206      |    |    + _delayLFO_ms: (4)
 207      |    |    |    + _CLK_HSICmd --> 2
 208      |    |    |    + _CLK_SYSCLKDivConfig --> 3
 209      |    |    |    + _CLK_SYSCLKSourceConfig --> 4
 210      |    |    |    + _CLK_SYSCLKSourceSwitchCmd --> 5
 211      |    |    |    + _delay_ms --> 135
          |    |    | 
          |    | 
 212      |    + L35_State_DisplayMessage: (5)
 213      |    |    + _CLK_HSICmd --> 2
 214      |    |    + _CLK_SYSCLKDivConfig --> 3
 215      |    |    + _CLK_SYSCLKSourceConfig --> 4
 216      |    |    + _CLK_SYSCLKSourceSwitchCmd --> 5
 217      |    |    + _LCD_GLASS_DisplayString_1: (5)
 218      |    |    |    + _LCD_GLASS_WriteChar --> 10
 219      |    |    |    + _clearLCD: (2)
 220      |    |    |    |    + _LCD_GLASS_Clear --> 9
          |    |    |    | 
          |    |    | 
          |    | 
 221      |    + L75_Overwrite_dollar_EEPROM: (22)
 222      |    |    + _CLK_PeripheralClockConfig --> 14
 223      |    |    + _I2C_Cmd --> 197
 224      |    |    + _M24LR04E_Init --> 198
 225      |    |    + _M24LR04E_WriteOneByte --> 17
          |    | 
 226      |    + _CLK_PeripheralClockConfig --> 14
 227      |    + _I2C_Cmd --> 197
 228      |    + _M24LR04E_Init --> 198
 229      |    + _M24LR04E_ReadOneByte: (11)
 230      |    |    + _I2C_AcknowledgeConfig --> 117
 231      |    |    + _I2C_CheckEvent --> 18
 232      |    |    + _I2C_GenerateSTART --> 19
 233      |    |    + _I2C_GenerateSTOP --> 20
 234      |    |    + _I2C_GetFlagStatus --> 121
 235      |    |    + _I2C_ReceiveData --> 122
 236      |    |    + _I2C_Send7bitAddress --> 21
 237      |    |    + _I2C_SendData --> 22
          |    | 
 238      |    + _delayLFO_ms --> 206
          | 
 239      + L33_User_GetOneTemperature: (5)
 240      |    + _I2C_SS_Config: (8)
 241      |    |    + _I2C_AcknowledgeConfig --> 117
 242      |    |    + _I2C_CheckEvent --> 18
 243      |    |    + _I2C_GenerateSTART --> 19
 244      |    |    + _I2C_GenerateSTOP --> 20
 245      |    |    + _I2C_GetFlagStatus --> 121
 246      |    |    + _I2C_Send7bitAddress --> 21
 247      |    |    + _I2C_SendData --> 22
          |    | 
 248      |    + _I2C_SS_Init: (2)
 249      |    |    + L3_I2C_SS_LowLevel_Init: (2)
 250      |    |    |    + _CLK_PeripheralClockConfig --> 14
          |    |    | 
 251      |    |    + _I2C_Cmd --> 197
 252      |    |    + _I2C_DeInit --> 202
 253      |    |    + _I2C_Init --> 203
          |    | 
 254      |    + _I2C_SS_ReadOneByte: (9)
 255      |    |    + _I2C_AcknowledgeConfig --> 117
 256      |    |    + _I2C_CheckEvent --> 18
 257      |    |    + _I2C_GenerateSTART --> 19
 258      |    |    + _I2C_GenerateSTOP --> 20
 259      |    |    + _I2C_GetFlagStatus --> 121
 260      |    |    + _I2C_ReceiveData --> 122
 261      |    |    + _I2C_Send7bitAddress --> 21
 262      |    |    + _I2C_SendData --> 22
          |    | 
 263      |    + _delayLFO_ms --> 206
          | 
 264      + L35_State_DisplayMessage --> 212
 265      + L52_User_ReadNDEFMessage: (6)
 266      |    + L11_User_CheckNDEFMessage: (6)
 267      |    |    + _M24LR04E_ReadOneByte --> 229
          |    | 
 268      |    + L31_User_GetNDEFMessage: (7)
 269      |    |    + _M24LR04E_ReadBuffer: (12)
 270      |    |    |    + _I2C_AcknowledgeConfig --> 117
 271      |    |    |    + _I2C_CheckEvent --> 18
 272      |    |    |    + _I2C_GenerateSTART --> 19
 273      |    |    |    + _I2C_GenerateSTOP --> 20
 274      |    |    |    + _I2C_GetFlagStatus --> 121
 275      |    |    |    + _I2C_ReceiveData --> 122
 276      |    |    |    + _I2C_Send7bitAddress --> 21
 277      |    |    |    + _I2C_SendData --> 22
          |    |    | 
          |    | 
 278      |    + L32_InitializeBuffer: (5)
 279      |    + L51_ToUpperCase: (278)
 280      |    + L7_User_GetPayloadLength: (6)
 281      |    |    + _M24LR04E_ReadOneByte --> 229
          |    | 
 282      |    + _CLK_PeripheralClockConfig --> 14
 283      |    + _I2C_Cmd --> 197
 284      |    + _M24LR04E_DeInit: (2)
 285      |    |    + L3_M24LR04E_LowLevel_DeInit: (2)
 286      |    |    |    + _CLK_PeripheralClockConfig --> 14
 287      |    |    |    + _GPIO_Init --> 97
 288      |    |    |    + _I2C_Cmd --> 197
 289      |    |    |    + _I2C_DeInit --> 202
          |    |    | 
          |    | 
 290      |    + _M24LR04E_Init --> 198
          | 
 291      + L53_User_DisplayOneTemperature: (15)
 292      |    + _LCD_GLASS_DisplayStrDeci: (6)
 293      |    |    + _LCD_GLASS_Clear --> 9
 294      |    |    + _LCD_GLASS_WriteChar --> 10
          |    | 
          | 
 295      + L55_Check_Code_Length: (2)
 296      + L72_User_DisplayMessage: (5)
 297      |    + _CLK_HSICmd --> 2
 298      |    + _CLK_SYSCLKDivConfig --> 3
 299      |    + _CLK_SYSCLKSourceConfig --> 4
 300      |    + _CLK_SYSCLKSourceSwitchCmd --> 5
 301      |    + _LCD_GLASS_ScrollSentenceNbCar: (18)
 302      |    |    + _LCD_GLASS_DisplayString --> 8
 303      |    |    + _delay_10us --> 13
          |    | 
          | 
 304      + L73_User_WriteFirmwareVersion: (6)
 305      |    + _CLK_PeripheralClockConfig --> 14
 306      |    + _I2C_Cmd --> 197
 307      |    + _M24LR04E_DeInit --> 284
 308      |    + _M24LR04E_Init --> 198
 309      |    + _M24LR04E_WriteOneByte --> 17
          | 
 310      + L74_Read_Units_from_memory: (22)
 311      |    + L16_OverwriteAll_CODE_EEPROM --> 195
 312      |    + L34_Check_PID_Buffer_Equal: (2)
 313      |    |    + L35_State_DisplayMessage --> 212
 314      |    |    + _delayLFO_ms --> 206
          |    | 
 315      |    + L75_Overwrite_dollar_EEPROM --> 221
 316      |    + _CLK_PeripheralClockConfig --> 14
 317      |    + _I2C_Cmd --> 197
 318      |    + _M24LR04E_Init --> 198
 319      |    + _M24LR04E_ReadOneByte --> 229
 320      |    + _setLED: (2)
 321      |    |    + _GPIO_ResetBits: (5)
 322      |    |    + _GPIO_SetBits: (5)
          |    | 
          | 
 323      + _CLK_SYSCLKDivConfig --> 3
 324      + _CLK_SYSCLKSourceConfig --> 4
 325      + _FLASH_Unlock --> 74
 326      + _Initialize: (2)
 327      |    + _initButton: (2)
 328      |    |    + _EXTI_SetPinSensitivity: (4)
 329      |    |    + _GPIO_Init --> 97
          |    | 
 330      |    + _initLCD: (2)
 331      |    |    + _LCD_GLASS_Init: (2)
 332      |    |    |    + _CLK_PeripheralClockConfig --> 14
 333      |    |    |    + _CLK_RTCClockConfig --> 95
 334      |    |    |    + _LCD_Cmd --> 98
 335      |    |    |    + _LCD_ContrastConfig --> 144
 336      |    |    |    + _LCD_DeadTimeConfig: (3)
 337      |    |    |    + _LCD_Init: (7)
 338      |    |    |    + _LCD_PortMaskConfig: (4)
 339      |    |    |    + _LCD_PulseOnDurationConfig: (3)
          |    |    | 
          |    | 
 340      |    + _initLED: (2)
 341      |    |    + _GPIO_Init --> 97
          |    | 
          | 
 342      + _LCD_GLASS_DisplayString --> 8
 343      + _UnInitialize: (2)
 344      |    + _UnInitClock: (2)
 345      |    |    + _CLK_PeripheralClockConfig --> 14
          |    | 
 346      |    + _UnInitGPIO: (2)
 347      |    |    + _GPIO_Init --> 97
          |    | 
          | 
 348      + _Vref_measure: (16)
 349      |    + _LCD_GLASS_DisplayStrDeci --> 292
 350      |    + _Vdd_appli: (14)
 351      |    |    + _ADC_Supply: (5)
 352      |    |    |    + _ADC_ChannelCmd: (8)
 353      |    |    |    + _ADC_Cmd: (5)
 354      |    |    |    + _ADC_DeInit: (2)
 355      |    |    |    + _ADC_GetConversionValue: (6)
 356      |    |    |    + _ADC_GetFlagStatus: (6)
 357      |    |    |    + _ADC_Init: (7)
 358      |    |    |    + _ADC_SamplingTimeConfig: (6)
 359      |    |    |    + _ADC_SchmittTriggerConfig: (8)
 360      |    |    |    + _ADC_SoftwareStartConv: (2)
 361      |    |    |    + _ADC_VrefintCmd: (2)
 362      |    |    |    + _CLK_PeripheralClockConfig --> 14
 363      |    |    |    + _delay_10us --> 13
          |    |    | 
          |    | 
 364      |    + _convert_into_char: (16)
          | 
 365      + _clearLCD --> 219
 366      + _delayLFO_ms --> 206
 367      + _setLED --> 320
       
 368 > f_ADC1_COMP_IRQHandler: (6)

 369 > f_DMA1_CHANNEL0_1_IRQHandler: (6)

 370 > f_DMA1_CHANNEL2_3_IRQHandler: (6)

 371 > f_EXTI0_IRQHandler: (6)

 372 > f_EXTI1_IRQHandler: (6)

 373 > f_EXTI2_IRQHandler: (6)

 374 > f_EXTI3_IRQHandler: (6)

 375 > f_EXTI4_IRQHandler: (6)

 376 > f_EXTI5_IRQHandler: (6)

 377 > f_EXTI6_IRQHandler: (6)

 378 > f_EXTI7_IRQHandler: (12)
 379      + _EXTI_ClearITPendingBit: (6)
       
 380 > f_EXTIB_IRQHandler: (6)

 381 > f_EXTID_IRQHandler: (6)

 382 > f_EXTIE_F_PVD_IRQHandler: (6)

 383 > f_FLASH_IRQHandler: (6)

 384 > f_I2C1_IRQHandler: (6)

 385 > f_LCD_IRQHandler: (6)

 386 > f_NonHandledInterrupt: (6)

 387 > f_RTC_IRQHandler: (6)

 388 > f_SPI1_IRQHandler: (6)

 389 > f_SWITCH_CSS_BREAK_DAC_IRQHandler: (6)

 390 > f_TIM1_CAP_IRQHandler: (6)

 391 > f_TIM1_UPD_OVF_TRG_COM_IRQHandler: (6)

 392 > f_TIM2_CAP_IRQHandler: (6)

 393 > f_TIM2_UPD_OVF_TRG_BRK_IRQHandler: (6)

 394 > f_TIM3_CAP_IRQHandler: (6)

 395 > f_TIM3_UPD_OVF_TRG_BRK_IRQHandler: (6)

 396 > f_TIM4_UPD_OVF_TRG_IRQHandler: (6)

 397 > f_TRAP_IRQHandler: (6)

 398 > f_USART1_RX_IRQHandler: (6)

 399 > f_USART1_TX_IRQHandler: (6)

 400   L11_User_CheckNDEFMessage --> 266

 401   L14_Copy_Units_in_other_memory --> 194

 402   L16_OverwriteAll_CODE_EEPROM --> 195

 403   L31_User_GetNDEFMessage --> 268

 404   L32_InitializeBuffer --> 278

 405   L33_User_GetOneTemperature --> 239

 406   L34_Check_PID_Buffer_Equal --> 312

 407   L35_State_DisplayMessage --> 212

 408   L3_I2C_SS_LowLevel_Init --> 249

 409   L3_LCD_Conv_Char_Seg --> 11

 410   L3_M24LR04E_LowLevel_DeInit --> 285

 411   L51_ToUpperCase --> 279

 412   L52_User_ReadNDEFMessage --> 265

 413   L53_User_DisplayOneTemperature --> 291

 414   L55_Check_Code_Length --> 295

 415   L5_M24LR04E_LowLevel_Init --> 199

 416   L72_User_DisplayMessage --> 296

 417   L73_User_WriteFirmwareVersion --> 304

 418   L74_Read_Units_from_memory --> 310

 419   L75_Overwrite_dollar_EEPROM --> 221

 420   L7_User_GetPayloadLength --> 280

 421   _ADC_ChannelCmd --> 352

 422   _ADC_Cmd --> 353

 423   _ADC_DeInit --> 354

 424   _ADC_GetConversionValue --> 355

 425   _ADC_GetFlagStatus --> 356

 426   _ADC_Init --> 357

 427   _ADC_SamplingTimeConfig --> 358

 428   _ADC_SchmittTriggerConfig --> 359

 429   _ADC_SoftwareStartConv --> 360

 430   _ADC_Supply --> 351

 431   _ADC_VrefintCmd --> 361

 432   _CLK_GetClockFreq --> 204

 433   _CLK_HSICmd --> 2

 434   _CLK_LSICmd --> 93

 435   _CLK_PeripheralClockConfig --> 14

 436   _CLK_RTCClockConfig --> 95

 437   _CLK_SYSCLKDivConfig --> 3

 438   _CLK_SYSCLKSourceConfig --> 4

 439   _CLK_SYSCLKSourceSwitchCmd --> 5

 440   _Display_Ram --> 6

 441   _EXTI_ClearITPendingBit --> 379

 442   _EXTI_SetPinSensitivity --> 328

 443   _FLASH_Lock --> 73

 444   _FLASH_Unlock --> 74

 445   _FLASH_WaitForLastOperation --> 62

 446   _GPIO_Init --> 97

 447   _GPIO_LowPower_Config --> 96

 448   _GPIO_ResetBits --> 321

 449   _GPIO_SetBits --> 322

 450   _I2C_AckPositionConfig --> 116

 451   _I2C_AcknowledgeConfig --> 117

 452   _I2C_CheckEvent --> 18

 453   _I2C_ClearFlag --> 149

 454   _I2C_Cmd --> 197

 455   _I2C_DeInit --> 202

 456   _I2C_GenerateSTART --> 19

 457   _I2C_GenerateSTOP --> 20

 458   _I2C_GetFlagStatus --> 121

 459   _I2C_Init --> 203

 460   _I2C_ReceiveData --> 122

 461   _I2C_SS_Config --> 240

 462   _I2C_SS_Init --> 248

 463   _I2C_SS_ReadOneByte --> 254

 464   _I2C_Send7bitAddress --> 21

 465   _I2C_SendData --> 22

 466   _Initialize --> 326

 467   _LCD_Cmd --> 98

 468   _LCD_ContrastConfig --> 144

 469   _LCD_DeadTimeConfig --> 336

 470   _LCD_GLASS_Clear --> 9

 471   _LCD_GLASS_DisplayStrDeci --> 292

 472   _LCD_GLASS_DisplayString --> 8

 473   _LCD_GLASS_DisplayString_1 --> 217

 474   _LCD_GLASS_Init --> 331

 475   _LCD_GLASS_ScrollSentenceNbCar --> 301

 476   _LCD_GLASS_ScrollSentenceNbCarLP --> 7

 477   _LCD_GLASS_WriteChar --> 10

 478   _LCD_Init --> 337

 479   _LCD_PortMaskConfig --> 338

 480   _LCD_PulseOnDurationConfig --> 339

 481   _LCD_bar --> 12

 482   _M24LR04E_DeInit --> 284

 483   _M24LR04E_Init --> 198

 484   _M24LR04E_ReadBuffer --> 269

 485   _M24LR04E_ReadOneByte --> 229

 486   _M24LR04E_WriteOneByte --> 17

 487   _UnInitClock --> 344

 488   _UnInitGPIO --> 346

 489   _UnInitialize --> 343

 490   _Vdd_appli --> 350

 491   _Vref_measure --> 348

 492   __fctcpy --> 15

 493   _clearLCD --> 219

 494   _convert_into_char --> 364

 495   _delayLFO_ms --> 206

 496   _delay_10us --> 13

 497   _delay_ms --> 135

 498   _initButton --> 327

 499   _initLCD --> 330

 500   _initLED --> 340

 501   _setLED --> 320



                               -------
                               Symbols
                               -------

_ADC_AnalogWatchdogChannelSelect      0000837e   defined in Debug\stm8l15x_adc.o section .text
_ADC_AnalogWatchdogConfig             000083a8   defined in Debug\stm8l15x_adc.o section .text
_ADC_AnalogWatchdogThresholdsConfig   0000838d   defined in Debug\stm8l15x_adc.o section .text
_ADC_ChannelCmd                       00008272   defined in Debug\stm8l15x_adc.o section .text
                                                 used in Debug\vcc_measure.o
_ADC_ClearFlag                        000083e4   defined in Debug\stm8l15x_adc.o section .text
_ADC_ClearITPendingBit                00008424   defined in Debug\stm8l15x_adc.o section .text
_ADC_Cmd                              000082a0   defined in Debug\stm8l15x_adc.o section .text
                                                 used in Debug\vcc_measure.o
_ADC_DMACmd                           000082c7   defined in Debug\stm8l15x_adc.o section .text
_ADC_DeInit                           00008231   defined in Debug\stm8l15x_adc.o section .text
                                                 used in Debug\vcc_measure.o
_ADC_ExternalTrigConfig               00008356   defined in Debug\stm8l15x_adc.o section .text
_ADC_GetConversionValue               00008367   defined in Debug\stm8l15x_adc.o section .text
                                                 used in Debug\vcc_measure.o
_ADC_GetFlagStatus                    000083cf   defined in Debug\stm8l15x_adc.o section .text
                                                 used in Debug\vcc_measure.o
_ADC_GetITStatus                      000083ee   defined in Debug\stm8l15x_adc.o section .text
_ADC_ITConfig                         000082b3   defined in Debug\stm8l15x_adc.o section .text
_ADC_Init                             00008259   defined in Debug\stm8l15x_adc.o section .text
                                                 used in Debug\vcc_measure.o
_ADC_SamplingTimeConfig               000082ff   defined in Debug\stm8l15x_adc.o section .text
                                                 used in Debug\vcc_measure.o
_ADC_SchmittTriggerConfig             00008328   defined in Debug\stm8l15x_adc.o section .text
                                                 used in Debug\vcc_measure.o
_ADC_SoftwareStartConv                000082fa   defined in Debug\stm8l15x_adc.o section .text
                                                 used in Debug\vcc_measure.o
_ADC_Supply                           000095b7   defined in Debug\vcc_measure.o section .text
                                                 used in Debug\discover_functions.o
_ADC_TempSensorCmd                    000082de   defined in Debug\stm8l15x_adc.o section .text
_ADC_VrefintCmd                       000082ec   defined in Debug\stm8l15x_adc.o section .text
                                                 used in Debug\vcc_measure.o
_Bias_Current                         0000100f   defined in Debug\discover_functions.o section .dataeeprom
_CLK_AdjustHSICalibrationValue        00008496   defined in Debug\stm8l15x_clk.o section .text
_CLK_BEEPClockConfig                  000085d2   defined in Debug\stm8l15x_clk.o section .text
_CLK_CCOConfig                        000085c0   defined in Debug\stm8l15x_clk.o section .text
_CLK_ClearFlag                        0000873f   defined in Debug\stm8l15x_clk.o section .text
_CLK_ClearITPendingBit                00008789   defined in Debug\stm8l15x_clk.o section .text
_CLK_ClockSecuritySystemEnable        000084e8   defined in Debug\stm8l15x_clk.o section .text
_CLK_ClockSecuritySytemDeglitchCmd    000084ed   defined in Debug\stm8l15x_clk.o section .text
_CLK_DeInit                           00008447   defined in Debug\stm8l15x_clk.o section .text
_CLK_GetClockFreq                     000084fb   defined in Debug\stm8l15x_clk.o section .text
                                                 used in Debug\stm8l15x_i2c.o
_CLK_GetFlagStatus                    000086aa   defined in Debug\stm8l15x_clk.o section .text
_CLK_GetITStatus                      00008744   defined in Debug\stm8l15x_clk.o section .text
_CLK_GetSYSCLKSource                  000084e4   defined in Debug\stm8l15x_clk.o section .text
_CLK_HSEConfig                        000084b0   defined in Debug\stm8l15x_clk.o section .text
_CLK_HSICmd                           00008488   defined in Debug\stm8l15x_clk.o section .text
                                                 used in Debug\delay.o
                                                         Debug\main.o
_CLK_HaltConfig                       00008683   defined in Debug\stm8l15x_clk.o section .text
_CLK_ITConfig                         00008580   defined in Debug\stm8l15x_clk.o section .text
_CLK_LSEClockSecuritySystemEnable     0000879a   defined in Debug\stm8l15x_clk.o section .text
_CLK_LSEConfig                        000084bf   defined in Debug\stm8l15x_clk.o section .text
_CLK_LSICmd                           000084a2   defined in Debug\stm8l15x_clk.o section .text
                                                 used in Debug\vcc_measure.o
_CLK_MainRegulatorCmd                 0000869c   defined in Debug\stm8l15x_clk.o section .text
_CLK_PeripheralClockConfig            000085d6   defined in Debug\stm8l15x_clk.o section .text
                                                 used in Debug\uninit.o
                                                         Debug\vcc_measure.o
                                                         Debug\delay.o
                                                         Debug\i2c_m24lr04e-r.o
                                                         Debug\i2c_stts751.o
                                                         Debug\main.o
                                                         Debug\stm8l_discovery_lcd.o
_CLK_RTCCLKSwitchOnLSEFailureEnable   0000879f   defined in Debug\stm8l15x_clk.o section .text
_CLK_RTCClockConfig                   000085c9   defined in Debug\stm8l15x_clk.o section .text
                                                 used in Debug\vcc_measure.o
                                                         Debug\stm8l_discovery_lcd.o
_CLK_SYSCLKDivConfig                  000084d2   defined in Debug\stm8l15x_clk.o section .text
                                                 used in Debug\delay.o
                                                         Debug\main.o
_CLK_SYSCLKSourceConfig               000084ce   defined in Debug\stm8l15x_clk.o section .text
                                                 used in Debug\delay.o
                                                         Debug\main.o
_CLK_SYSCLKSourceSwitchCmd            000084d6   defined in Debug\stm8l15x_clk.o section .text
                                                 used in Debug\delay.o
                                                         Debug\main.o
_CapLetterMap                         00008109   defined in Debug\stm8l_discovery_lcd.o section .const
_Display_Ram                          00000100   defined in Debug\discover_functions.o section .DISPLAY, initialized
                                                 used in Debug\main.o
_EEInitial                            00001000   defined in Debug\main.o section .eeprom
_EEMenuState                          0000100e   defined in Debug\main.o section .eeprom
                                                 used in Debug\stm8l15x_it.o
_EE_Buf_Flag                          00001001   defined in Debug\main.o section .eeprom
_EE_Buffer_1                          00001002   defined in Debug\main.o section .eeprom
_EE_Buffer_10                         0000100b   defined in Debug\main.o section .eeprom
_EE_Buffer_11                         0000100c   defined in Debug\main.o section .eeprom
_EE_Buffer_2                          00001003   defined in Debug\main.o section .eeprom
_EE_Buffer_3                          00001004   defined in Debug\main.o section .eeprom
_EE_Buffer_4                          00001005   defined in Debug\main.o section .eeprom
_EE_Buffer_5                          00001006   defined in Debug\main.o section .eeprom
_EE_Buffer_6                          00001007   defined in Debug\main.o section .eeprom
_EE_Buffer_7                          00001008   defined in Debug\main.o section .eeprom
_EE_Buffer_8                          00001009   defined in Debug\main.o section .eeprom
_EE_Buffer_9                          0000100a   defined in Debug\main.o section .eeprom
_EE_Pay_Lengt                         0000100d   defined in Debug\main.o section .eeprom
_EXTI_ClearITPendingBit               00008aa3   defined in Debug\stm8l15x_exti.o section .text
                                                 used in Debug\stm8l15x_it.o
_EXTI_DeInit                          000087a4   defined in Debug\stm8l15x_exti.o section .text
_EXTI_GetITStatus                     00008a7c   defined in Debug\stm8l15x_exti.o section .text
_EXTI_GetPinSensitivity               000089f9   defined in Debug\stm8l15x_exti.o section .text
_EXTI_GetPortSensitivity              000089c7   defined in Debug\stm8l15x_exti.o section .text
_EXTI_SelectPort                      0000894b   defined in Debug\stm8l15x_exti.o section .text
_EXTI_SetHalfPortSelection            0000898b   defined in Debug\stm8l15x_exti.o section .text
_EXTI_SetPinSensitivity               00008821   defined in Debug\stm8l15x_exti.o section .text
                                                 used in Debug\button.o
_EXTI_SetPortSensitivity              000087c5   defined in Debug\stm8l15x_exti.o section .text
_ErrorMessage                         00008099   defined in Debug\main.o section .const
_FLASH_CR2                            00005051   defined in Debug\main.o
                                                 used in (C:\Program Files (x86)\COSMIC\CXSTM8_32K\Lib\libm0.sm8)eeprom.o
_FLASH_DeInit                         00008aeb   defined in Debug\stm8l15x_flash.o section .text
_FLASH_EraseBlock                     00008cab   defined in Debug\stm8l15x_flash.o section .text
_FLASH_EraseByte                      00008b09   defined in Debug\stm8l15x_flash.o section .text
_FLASH_EraseOptionByte                00008b44   defined in Debug\stm8l15x_flash.o section .text
_FLASH_GetBootSize                    00008b77   defined in Debug\stm8l15x_flash.o section .text
_FLASH_GetCodeSize                    00008b94   defined in Debug\stm8l15x_flash.o section .text
_FLASH_GetFlagStatus                  00008bc6   defined in Debug\stm8l15x_flash.o section .text
_FLASH_GetPowerStatus                 00008c4a   defined in Debug\stm8l15x_flash.o section .text
_FLASH_GetProgrammingTime             00008b71   defined in Debug\stm8l15x_flash.o section .text
_FLASH_GetReadOutProtectionStatus     00008bb1   defined in Debug\stm8l15x_flash.o section .text
_FLASH_IAPSR                          00005054   defined in Debug\main.o
                                                 used in (C:\Program Files (x86)\COSMIC\CXSTM8_32K\Lib\libm0.sm8)eeprom.o
_FLASH_ITConfig                       00008afb   defined in Debug\stm8l15x_flash.o section .text
_FLASH_Lock                           00008ae4   defined in Debug\stm8l15x_flash.o section .text
                                                 used in Debug\discover_functions.o
_FLASH_NCR2                           000017ff   defined in Debug\main.o
                                                 used in (C:\Program Files (x86)\COSMIC\CXSTM8_32K\Lib\libm0.sm8)eeprom.o
_FLASH_PowerRunModeConfig             00008c3b   defined in Debug\stm8l15x_flash.o section .text
_FLASH_PowerWaitModeConfig            00008b62   defined in Debug\stm8l15x_flash.o section .text
_FLASH_ProgramBias                    00009752   defined in Debug\discover_functions.o section .text
_FLASH_ProgramBlock                   00008c50   defined in Debug\stm8l15x_flash.o section .text
_FLASH_ProgramByte                    00008b0d   defined in Debug\stm8l15x_flash.o section .text
_FLASH_ProgramOptionByte              00008b2f   defined in Debug\stm8l15x_flash.o section .text
_FLASH_ProgramWord                    00008b13   defined in Debug\stm8l15x_flash.o section .text
_FLASH_ReadByte                       00008b53   defined in Debug\stm8l15x_flash.o section .text
_FLASH_SetProgrammingTime             00008b57   defined in Debug\stm8l15x_flash.o section .text
_FLASH_Unlock                         00008ac7   defined in Debug\stm8l15x_flash.o section .text
                                                 used in Debug\discover_functions.o
                                                         Debug\main.o
_FLASH_WaitForLastOperation           00008bd9   defined in Debug\stm8l15x_flash.o section .text
                                                 used in Debug\discover_functions.o
_FirmwareVersion                      000080c2   defined in Debug\main.o section .const
_GPIO_DeInit                          00008cf4   defined in Debug\stm8l15x_gpio.o section .text
_GPIO_ExternalPullUpConfig            00008da8   defined in Debug\stm8l15x_gpio.o section .text
_GPIO_Init                            00008cfc   defined in Debug\stm8l15x_gpio.o section .text
                                                 used in Debug\button.o
                                                         Debug\led.o
                                                         Debug\uninit.o
                                                         Debug\vcc_measure.o
                                                         Debug\i2c_m24lr04e-r.o
_GPIO_LowPower_Config                 00009569   defined in Debug\vcc_measure.o section .text
_GPIO_ReadInputData                   00008d96   defined in Debug\stm8l15x_gpio.o section .text
_GPIO_ReadInputDataBit                00008d9b   defined in Debug\stm8l15x_gpio.o section .text
_GPIO_ReadOutputData                  00008d99   defined in Debug\stm8l15x_gpio.o section .text
_GPIO_ReadOutputDataBit               00008da2   defined in Debug\stm8l15x_gpio.o section .text
_GPIO_ResetBits                       00008d87   defined in Debug\stm8l15x_gpio.o section .text
                                                 used in Debug\led.o
_GPIO_SetBits                         00008d80   defined in Debug\stm8l15x_gpio.o section .text
                                                 used in Debug\led.o
_GPIO_ToggleBits                      00008d8f   defined in Debug\stm8l15x_gpio.o section .text
_GPIO_Write                           00008d64   defined in Debug\stm8l15x_gpio.o section .text
_GPIO_WriteBit                        00008d6c   defined in Debug\stm8l15x_gpio.o section .text
_Halt_Init                            00009665   defined in Debug\vcc_measure.o section .text
_I2C_ARPCmd                           00009018   defined in Debug\stm8l15x_i2c.o section .text
_I2C_AckPositionConfig                00009076   defined in Debug\stm8l15x_i2c.o section .text
                                                 used in Debug\i2c_stts751.o
_I2C_AcknowledgeConfig                0000902b   defined in Debug\stm8l15x_i2c.o section .text
                                                 used in Debug\i2c_m24lr04e-r.o
                                                         Debug\i2c_stts751.o
_I2C_CalculatePEC                     000090c2   defined in Debug\stm8l15x_i2c.o section .text
_I2C_CheckEvent                       00009135   defined in Debug\stm8l15x_i2c.o section .text
                                                 used in Debug\i2c_m24lr04e-r.o
                                                         Debug\i2c_stts751.o
_I2C_ClearFlag                        000091fe   defined in Debug\stm8l15x_i2c.o section .text
                                                 used in Debug\i2c_m24lr04e-r.o
_I2C_ClearITPendingBit                00009274   defined in Debug\stm8l15x_i2c.o section .text
_I2C_Cmd                              00008f54   defined in Debug\stm8l15x_i2c.o section .text
                                                 used in Debug\i2c_m24lr04e-r.o
                                                         Debug\i2c_stts751.o
                                                         Debug\main.o
_I2C_DMACmd                           00008f7f   defined in Debug\stm8l15x_i2c.o section .text
_I2C_DMALastTransferCmd               00008f96   defined in Debug\stm8l15x_i2c.o section .text
_I2C_DeInit                           00008dc0   defined in Debug\stm8l15x_i2c.o section .text
                                                 used in Debug\i2c_m24lr04e-r.o
                                                         Debug\i2c_stts751.o
_I2C_DualAddressCmd                   0000905f   defined in Debug\stm8l15x_i2c.o section .text
_I2C_FastModeDutyCycleConfig          000090d5   defined in Debug\stm8l15x_i2c.o section .text
_I2C_GeneralCallCmd                   00008fad   defined in Debug\stm8l15x_i2c.o section .text
_I2C_GenerateSTART                    00008fc0   defined in Debug\stm8l15x_i2c.o section .text
                                                 used in Debug\i2c_m24lr04e-r.o
                                                         Debug\i2c_stts751.o
_I2C_GenerateSTOP                     00008fd7   defined in Debug\stm8l15x_i2c.o section .text
                                                 used in Debug\i2c_m24lr04e-r.o
                                                         Debug\i2c_stts751.o
_I2C_GetFlagStatus                    000091c0   defined in Debug\stm8l15x_i2c.o section .text
                                                 used in Debug\i2c_m24lr04e-r.o
                                                         Debug\i2c_stts751.o
_I2C_GetITStatus                      00009216   defined in Debug\stm8l15x_i2c.o section .text
_I2C_GetLastEvent                     00009189   defined in Debug\stm8l15x_i2c.o section .text
_I2C_GetPEC                           00009115   defined in Debug\stm8l15x_i2c.o section .text
_I2C_ITConfig                         00008f67   defined in Debug\stm8l15x_i2c.o section .text
_I2C_Init                             00008dd6   defined in Debug\stm8l15x_i2c.o section .text
                                                 used in Debug\i2c_m24lr04e-r.o
                                                         Debug\i2c_stts751.o
_I2C_OwnAddress2Config                00009042   defined in Debug\stm8l15x_i2c.o section .text
_I2C_PECPositionConfig                00009085   defined in Debug\stm8l15x_i2c.o section .text
_I2C_ReadRegister                     00009118   defined in Debug\stm8l15x_i2c.o section .text
_I2C_ReceiveData                      000090ee   defined in Debug\stm8l15x_i2c.o section .text
                                                 used in Debug\i2c_m24lr04e-r.o
                                                         Debug\i2c_stts751.o
_I2C_SMBusAlertConfig                 00009094   defined in Debug\stm8l15x_i2c.o section .text
_I2C_SS_BufferRead                    0000a25b   defined in Debug\i2c_stts751.o section .text
_I2C_SS_Config                        0000a165   defined in Debug\i2c_stts751.o section .text
                                                 used in Debug\main.o
_I2C_SS_Init                          0000a132   defined in Debug\i2c_stts751.o section .text
                                                 used in Debug\main.o
_I2C_SS_ReadOneByte                   0000a3e4   defined in Debug\i2c_stts751.o section .text
                                                 used in Debug\main.o
_I2C_Send7bitAddress                  000090f1   defined in Debug\stm8l15x_i2c.o section .text
                                                 used in Debug\i2c_m24lr04e-r.o
                                                         Debug\i2c_stts751.o
_I2C_SendData                         0000910c   defined in Debug\stm8l15x_i2c.o section .text
                                                 used in Debug\i2c_m24lr04e-r.o
                                                         Debug\i2c_stts751.o
_I2C_SoftwareResetCmd                 00008fee   defined in Debug\stm8l15x_i2c.o section .text
_I2C_StretchClockCmd                  00009005   defined in Debug\stm8l15x_i2c.o section .text
_I2C_TransmitPEC                      000090ab   defined in Debug\stm8l15x_i2c.o section .text
_Initialize                           00009444   defined in Debug\init.o section .text
                                                 used in Debug\main.o
_KeyPressed                           00000000   defined in Debug\stm8l_discovery_lcd.o section .bsct, initialized
_LCD_BlinkConfig                      000093a0   defined in Debug\stm8l15x_lcd.o section .text
_LCD_ClearFlag                        00009408   defined in Debug\stm8l15x_lcd.o section .text
_LCD_ClearITPendingBit                0000942d   defined in Debug\stm8l15x_lcd.o section .text
_LCD_Cmd                              00009350   defined in Debug\stm8l15x_lcd.o section .text
                                                 used in Debug\vcc_measure.o
                                                         Debug\stm8l_discovery_lcd.o
_LCD_ContrastConfig                   000093bf   defined in Debug\stm8l15x_lcd.o section .text
                                                 used in Debug\stm8l_discovery_lcd.o
_LCD_DeInit                           0000928c   defined in Debug\stm8l15x_lcd.o section .text
_LCD_DeadTimeConfig                   0000938d   defined in Debug\stm8l15x_lcd.o section .text
                                                 used in Debug\stm8l_discovery_lcd.o
_LCD_GLASS_Clear                      0000b6b9   defined in Debug\stm8l_discovery_lcd.o section .text
                                                 used in Debug\lcd.o
_LCD_GLASS_DisplayStrDeci             0000b646   defined in Debug\stm8l_discovery_lcd.o section .text
                                                 used in Debug\discover_functions.o
                                                         Debug\main.o
_LCD_GLASS_DisplayString              0000b616   defined in Debug\stm8l_discovery_lcd.o section .text
                                                 used in Debug\main.o
_LCD_GLASS_DisplayString_1            0000acce   defined in Debug\main.o section .text
_LCD_GLASS_Init                       0000b07d   defined in Debug\stm8l_discovery_lcd.o section .text
                                                 used in Debug\lcd.o
_LCD_GLASS_ScrollSentence             0000b6ce   defined in Debug\stm8l_discovery_lcd.o section .text
_LCD_GLASS_ScrollSentenceNbCar        0000b7db   defined in Debug\stm8l_discovery_lcd.o section .text
                                                 used in Debug\main.o
_LCD_GLASS_ScrollSentenceNbCarLP      0000b8ab   defined in Debug\stm8l_discovery_lcd.o section .text
                                                 used in Debug\discover_functions.o
_LCD_GLASS_WriteChar                  0000b1f5   defined in Debug\stm8l_discovery_lcd.o section .text
                                                 used in Debug\main.o
_LCD_GetFlagStatus                    000093f3   defined in Debug\stm8l15x_lcd.o section .text
_LCD_GetITStatus                      0000940d   defined in Debug\stm8l15x_lcd.o section .text
_LCD_HighDriveCmd                     0000936c   defined in Debug\stm8l15x_lcd.o section .text
_LCD_ITConfig                         0000935e   defined in Debug\stm8l15x_lcd.o section .text
_LCD_Init                             000092c7   defined in Debug\stm8l15x_lcd.o section .text
                                                 used in Debug\stm8l_discovery_lcd.o
_LCD_PageSelect                       000093e8   defined in Debug\stm8l15x_lcd.o section .text
_LCD_PortMaskConfig                   000093d2   defined in Debug\stm8l15x_lcd.o section .text
                                                 used in Debug\stm8l_discovery_lcd.o
_LCD_PulseOnDurationConfig            0000937a   defined in Debug\stm8l15x_lcd.o section .text
                                                 used in Debug\stm8l_discovery_lcd.o
_LCD_WriteRAM                         000093dd   defined in Debug\stm8l15x_lcd.o section .text
_LCD_bar                              0000b0ed   defined in Debug\stm8l_discovery_lcd.o section .text
_LCD_contrast                         0000b0c3   defined in Debug\stm8l_discovery_lcd.o section .text
_M24LR04E_DeInit                      0000988e   defined in Debug\i2c_m24lr04e-r.o section .text
                                                 used in Debug\main.o
_M24LR04E_GetStatus                   000098bf   defined in Debug\i2c_m24lr04e-r.o section .text
_M24LR04E_Init                        00009892   defined in Debug\i2c_m24lr04e-r.o section .text
                                                 used in Debug\main.o
_M24LR04E_ReadBuffer                  00009d58   defined in Debug\i2c_m24lr04e-r.o section .text
                                                 used in Debug\main.o
_M24LR04E_ReadConfReg                 00009fe4   defined in Debug\i2c_m24lr04e-r.o section .text
_M24LR04E_ReadOneByte                 00009ac6   defined in Debug\i2c_m24lr04e-r.o section .text
                                                 used in Debug\main.o
_M24LR04E_ReadReg                     0000996c   defined in Debug\i2c_m24lr04e-r.o section .text
_M24LR04E_ReadTemp                    00009f0c   defined in Debug\i2c_m24lr04e-r.o section .text
_M24LR04E_WriteConfReg                0000a094   defined in Debug\i2c_m24lr04e-r.o section .text
_M24LR04E_WriteOneByte                00009c58   defined in Debug\i2c_m24lr04e-r.o section .text
                                                 used in Debug\main.o
_M24LR04E_WriteReg                    00009a42   defined in Debug\i2c_m24lr04e-r.o section .text
_NDEFmessage                          0000000c   defined in Debug\main.o section .ubsct
                                                 used in Debug\discover_functions.o
_NumberMap                            0000813d   defined in Debug\stm8l_discovery_lcd.o section .const
_PWR_DeInit                           ********   *** removed from Debug\stm8l15x_pwr.o ***
_PWR_FastWakeUpCmd                    ********   *** removed from Debug\stm8l15x_pwr.o ***
_PWR_GetFlagStatus                    ********   *** removed from Debug\stm8l15x_pwr.o ***
_PWR_PVDClearFlag                     ********   *** removed from Debug\stm8l15x_pwr.o ***
_PWR_PVDClearITPendingBit             ********   *** removed from Debug\stm8l15x_pwr.o ***
_PWR_PVDCmd                           ********   *** removed from Debug\stm8l15x_pwr.o ***
_PWR_PVDGetITStatus                   ********   *** removed from Debug\stm8l15x_pwr.o ***
_PWR_PVDITConfig                      ********   *** removed from Debug\stm8l15x_pwr.o ***
_PWR_PVDLevelConfig                   ********   *** removed from Debug\stm8l15x_pwr.o ***
_PWR_UltraLowPowerCmd                 ********   *** removed from Debug\stm8l15x_pwr.o ***
_SYSDivFactor                         00008080   defined in Debug\stm8l15x_clk.o section .const
_UnInitClock                          00009494   defined in Debug\uninit.o section .text
_UnInitGPIO                           0000951d   defined in Debug\uninit.o section .text
_UnInitialize                         0000948e   defined in Debug\uninit.o section .text
                                                 used in Debug\main.o
_Vdd_appli                            00009815   defined in Debug\discover_functions.o section .text
_Vref_measure                         00009859   defined in Debug\discover_functions.o section .text
                                                 used in Debug\main.o
__endmem                              000005fe   defined in command file
                                                 *** not used ***
__endzp                               00000059   defined in command file section .ubsct
                                                 used in C:\Program Files (x86)\COSMIC\CXSTM8_32K\Lib\crtsi0.sm8
__fctcpy                              0000b97d   defined in (C:\Program Files (x86)\COSMIC\CXSTM8_32K\Lib\libm0.sm8)fctcpy.o section .text
                                                 used in Debug\main.o
__idesc__                             00008180   defined in linker section .init
                                                 used in C:\Program Files (x86)\COSMIC\CXSTM8_32K\Lib\crtsi0.sm8
                                                         (C:\Program Files (x86)\COSMIC\CXSTM8_32K\Lib\libm0.sm8)fctcpy.o
__memory                              00000100   defined in command file section .bss
                                                 used in C:\Program Files (x86)\COSMIC\CXSTM8_32K\Lib\crtsi0.sm8
__stack                               000007ff   defined in command file
                                                 used in C:\Program Files (x86)\COSMIC\CXSTM8_32K\Lib\crtsi0.sm8
__startmem                            00000151   defined in command file section .DISPLAY, initialized
                                                 *** not used ***
__stext                               000081e1   defined in C:\Program Files (x86)\COSMIC\CXSTM8_32K\Lib\crtsi0.sm8 section .text
                                                 used in Debug\stm8_interrupt_vector.o
__vectab                              00008000   defined in Debug\stm8_interrupt_vector.o section .const
_clearLCD                             00009462   defined in Debug\lcd.o section .text
                                                 used in Debug\main.o
_code                                 00000008   defined in Debug\main.o section .ubsct
_code2                                00000003   defined in Debug\main.o section .ubsct
_convert_into_char                    00009769   defined in Debug\discover_functions.o section .text
_delayLFO_ms                          00009713   defined in Debug\delay.o section .text
                                                 used in Debug\main.o
_delay_10us                           000096d0   defined in Debug\delay.o section .text
                                                 used in Debug\vcc_measure.o
                                                         Debug\stm8l_discovery_lcd.o
_delay_ms                             00009693   defined in Debug\delay.o section .text
                                                 used in Debug\stm8l_discovery_lcd.o
_exit                                 0000822f   defined in C:\Program Files (x86)\COSMIC\CXSTM8_32K\Lib\crtsi0.sm8 section .text
_initButton                           00009432   defined in Debug\button.o section .text
                                                 used in Debug\init.o
_initLCD                              0000944e   defined in Debug\lcd.o section .text
                                                 used in Debug\init.o
_initLED                              0000947e   defined in Debug\led.o section .text
                                                 used in Debug\init.o
_itoa                                 ********   *** removed from Debug\misc.o ***
_main                                 0000a554   defined in Debug\main.o section .text
                                                 used in C:\Program Files (x86)\COSMIC\CXSTM8_32K\Lib\crtsi0.sm8
_setLED                               00009466   defined in Debug\led.o section .text
                                                 used in Debug\main.o
_state_machine                        0000004e   defined in Debug\main.o section .ubsct
                                                 used in Debug\stm8l15x_it.o
                                                         Debug\stm8l_discovery_lcd.o
_t_bar                                00000001   defined in Debug\stm8l_discovery_lcd.o section .bsct, initialized
                                                 used in Debug\lcd.o
c_cmulx                               0000b9b2   defined in (C:\Program Files (x86)\COSMIC\CXSTM8_32K\Lib\libm0.sm8)cmulx.o section .text
                                                 used in Debug\stm8l15x_flash.o
c_divsl                               0000bd65   defined in (C:\Program Files (x86)\COSMIC\CXSTM8_32K\Lib\libm0.sm8)ldiv.o section .text
                                                 *** not used ***
c_divul                               0000bd7c   defined in (C:\Program Files (x86)\COSMIC\CXSTM8_32K\Lib\libm0.sm8)ldiv.o section .text
                                                 used in (C:\Program Files (x86)\COSMIC\CXSTM8_32K\Lib\libm0.sm8)ludiv.o
                                                         (C:\Program Files (x86)\COSMIC\CXSTM8_32K\Lib\libm0.sm8)lumod.o
c_eewrc                               0000b9dc   defined in (C:\Program Files (x86)\COSMIC\CXSTM8_32K\Lib\libm0.sm8)eeprom.o section .text
                                                 used in Debug\main.o
                                                         Debug\stm8l15x_it.o
c_eewrd                               0000ba0f   defined in (C:\Program Files (x86)\COSMIC\CXSTM8_32K\Lib\libm0.sm8)eeprom.o section .text
                                                 *** not used ***
c_eewrw                               0000b9c6   defined in (C:\Program Files (x86)\COSMIC\CXSTM8_32K\Lib\libm0.sm8)eeprom.o section .text
                                                 *** not used ***
c_fdiv                                0000ba2c   defined in (C:\Program Files (x86)\COSMIC\CXSTM8_32K\Lib\libm0.sm8)fdiv.o section .text
                                                 used in Debug\discover_functions.o
c_fgmul                               0000bab0   defined in (C:\Program Files (x86)\COSMIC\CXSTM8_32K\Lib\libm0.sm8)fgmul.o section .text
                                                 used in Debug\discover_functions.o
c_fmul                                0000bab8   defined in (C:\Program Files (x86)\COSMIC\CXSTM8_32K\Lib\libm0.sm8)fmul.o section .text
                                                 used in Debug\discover_functions.o
                                                         (C:\Program Files (x86)\COSMIC\CXSTM8_32K\Lib\libm0.sm8)fgmul.o
c_ftoi                                0000bb8d   defined in (C:\Program Files (x86)\COSMIC\CXSTM8_32K\Lib\libm0.sm8)ftol.o section .text
                                                 used in Debug\discover_functions.o
c_ftol                                0000bb93   defined in (C:\Program Files (x86)\COSMIC\CXSTM8_32K\Lib\libm0.sm8)ftol.o section .text
c_idiv                                0000bbef   defined in (C:\Program Files (x86)\COSMIC\CXSTM8_32K\Lib\libm0.sm8)idiv.o section .text
                                                 used in Debug\stm8l_discovery_lcd.o
c_itof                                0000bc0d   defined in (C:\Program Files (x86)\COSMIC\CXSTM8_32K\Lib\libm0.sm8)itof.o section .text
                                                 used in Debug\discover_functions.o
c_ladd                                0000bc3b   defined in (C:\Program Files (x86)\COSMIC\CXSTM8_32K\Lib\libm0.sm8)ladd.o section .text
                                                 used in Debug\stm8l15x_flash.o
                                                         Debug\misc.o
c_lcmp                                0000bc53   defined in (C:\Program Files (x86)\COSMIC\CXSTM8_32K\Lib\libm0.sm8)lcmp.o section .text
                                                 used in Debug\stm8l15x_i2c.o
c_lgadd                               0000bc73   defined in (C:\Program Files (x86)\COSMIC\CXSTM8_32K\Lib\libm0.sm8)lgadd.o section .text
                                                 used in Debug\stm8l15x_flash.o
c_lgneg                               0000be50   defined in (C:\Program Files (x86)\COSMIC\CXSTM8_32K\Lib\libm0.sm8)lgneg.o section .text
                                                 used in (C:\Program Files (x86)\COSMIC\CXSTM8_32K\Lib\libm0.sm8)ldiv.o
c_lgsbc                               0000bc8a   defined in (C:\Program Files (x86)\COSMIC\CXSTM8_32K\Lib\libm0.sm8)lgsbc.o section .text
                                                 used in Debug\stm8l15x_flash.o
                                                         Debug\i2c_m24lr04e-r.o
                                                         Debug\i2c_stts751.o
c_lmul                                0000bca0   defined in (C:\Program Files (x86)\COSMIC\CXSTM8_32K\Lib\libm0.sm8)lmul.o section .text
                                                 used in Debug\stm8l15x_i2c.o
c_lmulc                               0000bca8   defined in (C:\Program Files (x86)\COSMIC\CXSTM8_32K\Lib\libm0.sm8)lmul.o section .text
                                                 *** not used ***
c_lneg                                0000be63   defined in (C:\Program Files (x86)\COSMIC\CXSTM8_32K\Lib\libm0.sm8)lneg.o section .text
                                                 used in (C:\Program Files (x86)\COSMIC\CXSTM8_32K\Lib\libm0.sm8)ldiv.o
c_lreg                                0000004f   defined in (C:\Program Files (x86)\COSMIC\CXSTM8_32K\Lib\libm0.sm8)lreg.o section .ubsct
                                                 used in Debug\stm8l15x_clk.o
                                                         Debug\stm8l15x_flash.o
                                                         Debug\stm8l15x_i2c.o
                                                         Debug\misc.o
                                                         (C:\Program Files (x86)\COSMIC\CXSTM8_32K\Lib\libm0.sm8)cmulx.o
                                                         (C:\Program Files (x86)\COSMIC\CXSTM8_32K\Lib\libm0.sm8)eeprom.o
                                                         (C:\Program Files (x86)\COSMIC\CXSTM8_32K\Lib\libm0.sm8)fdiv.o
                                                         (C:\Program Files (x86)\COSMIC\CXSTM8_32K\Lib\libm0.sm8)fmul.o
                                                         (C:\Program Files (x86)\COSMIC\CXSTM8_32K\Lib\libm0.sm8)ftol.o
                                                         (C:\Program Files (x86)\COSMIC\CXSTM8_32K\Lib\libm0.sm8)itof.o
                                                         (C:\Program Files (x86)\COSMIC\CXSTM8_32K\Lib\libm0.sm8)ladd.o
                                                         (C:\Program Files (x86)\COSMIC\CXSTM8_32K\Lib\libm0.sm8)lcmp.o
                                                         (C:\Program Files (x86)\COSMIC\CXSTM8_32K\Lib\libm0.sm8)lgadd.o
                                                         (C:\Program Files (x86)\COSMIC\CXSTM8_32K\Lib\libm0.sm8)lmul.o
                                                         (C:\Program Files (x86)\COSMIC\CXSTM8_32K\Lib\libm0.sm8)lrzmp.o
                                                         (C:\Program Files (x86)\COSMIC\CXSTM8_32K\Lib\libm0.sm8)ltor.o
                                                         (C:\Program Files (x86)\COSMIC\CXSTM8_32K\Lib\libm0.sm8)ldiv.o
                                                         (C:\Program Files (x86)\COSMIC\CXSTM8_32K\Lib\libm0.sm8)lneg.o
                                                         (C:\Program Files (x86)\COSMIC\CXSTM8_32K\Lib\libm0.sm8)lumod.o
                                                         (C:\Program Files (x86)\COSMIC\CXSTM8_32K\Lib\libm0.sm8)rtol.o
                                                         (C:\Program Files (x86)\COSMIC\CXSTM8_32K\Lib\libm0.sm8)smul.o
                                                         (C:\Program Files (x86)\COSMIC\CXSTM8_32K\Lib\libm0.sm8)uitof.o
                                                         (C:\Program Files (x86)\COSMIC\CXSTM8_32K\Lib\libm0.sm8)utol.o
                                                         (C:\Program Files (x86)\COSMIC\CXSTM8_32K\Lib\libm0.sm8)utolx.o
c_lrzmp                               0000bd2b   defined in (C:\Program Files (x86)\COSMIC\CXSTM8_32K\Lib\libm0.sm8)lrzmp.o section .text
                                                 used in Debug\i2c_m24lr04e-r.o
                                                         Debug\i2c_stts751.o
c_ltor                                0000bd3f   defined in (C:\Program Files (x86)\COSMIC\CXSTM8_32K\Lib\libm0.sm8)ltor.o section .text
                                                 used in Debug\stm8l15x_clk.o
                                                         Debug\stm8l15x_i2c.o
                                                         Debug\discover_functions.o
                                                         Debug\i2c_m24lr04e-r.o
                                                         Debug\i2c_stts751.o
                                                         Debug\misc.o
c_ludv                                0000bd51   defined in (C:\Program Files (x86)\COSMIC\CXSTM8_32K\Lib\libm0.sm8)ludiv.o section .text
                                                 used in Debug\stm8l15x_clk.o
                                                         Debug\stm8l15x_i2c.o
                                                         Debug\misc.o
c_lumd                                ********   *** removed from (C:\Program Files (x86)\COSMIC\CXSTM8_32K\Lib\libm0.sm8)lumod.o ***
c_lzmp                                0000be78   defined in (C:\Program Files (x86)\COSMIC\CXSTM8_32K\Lib\libm0.sm8)lzmp.o section .text
                                                 used in Debug\stm8l15x_flash.o
                                                         Debug\stm8l15x_i2c.o
                                                         Debug\i2c_m24lr04e-r.o
                                                         Debug\misc.o
c_okdiv                               0000ba3c   defined in (C:\Program Files (x86)\COSMIC\CXSTM8_32K\Lib\libm0.sm8)fdiv.o section .text
                                                 *** not used ***
c_okmul                               0000bac6   defined in (C:\Program Files (x86)\COSMIC\CXSTM8_32K\Lib\libm0.sm8)fmul.o section .text
                                                 *** not used ***
c_rtol                                0000be8b   defined in (C:\Program Files (x86)\COSMIC\CXSTM8_32K\Lib\libm0.sm8)rtol.o section .text
                                                 used in Debug\stm8l15x_clk.o
                                                         Debug\stm8l15x_i2c.o
                                                         Debug\discover_functions.o
                                                         Debug\misc.o
                                                         (C:\Program Files (x86)\COSMIC\CXSTM8_32K\Lib\libm0.sm8)fgmul.o
c_sdivx                               0000bea3   defined in (C:\Program Files (x86)\COSMIC\CXSTM8_32K\Lib\libm0.sm8)sdivx.o section .text
                                                 used in Debug\stm8l15x_i2c.o
                                                         Debug\main.o
c_smodx                               0000be9d   defined in (C:\Program Files (x86)\COSMIC\CXSTM8_32K\Lib\libm0.sm8)sdivx.o section .text
                                                 used in Debug\main.o
c_smul                                0000bec8   defined in (C:\Program Files (x86)\COSMIC\CXSTM8_32K\Lib\libm0.sm8)smul.o section .text
                                                 used in Debug\stm8l15x_i2c.o
c_uitof                               0000bf07   defined in (C:\Program Files (x86)\COSMIC\CXSTM8_32K\Lib\libm0.sm8)uitof.o section .text
                                                 used in Debug\discover_functions.o
c_uitol                               0000bf2b   defined in (C:\Program Files (x86)\COSMIC\CXSTM8_32K\Lib\libm0.sm8)utol.o section .text
                                                 used in Debug\stm8l15x_i2c.o
c_uitolx                              ********   *** removed from (C:\Program Files (x86)\COSMIC\CXSTM8_32K\Lib\libm0.sm8)utolx.o ***
c_x                                   00000053   defined in (C:\Program Files (x86)\COSMIC\CXSTM8_32K\Lib\libm0.sm8)xreg.o section .ubsct
                                                 used in C:\Program Files (x86)\COSMIC\CXSTM8_32K\Lib\crtsi0.sm8
                                                         Debug\main.o
                                                         Debug\stm8l15x_it.o
                                                         (C:\Program Files (x86)\COSMIC\CXSTM8_32K\Lib\libm0.sm8)fctcpy.o
                                                         (C:\Program Files (x86)\COSMIC\CXSTM8_32K\Lib\libm0.sm8)fdiv.o
                                                         (C:\Program Files (x86)\COSMIC\CXSTM8_32K\Lib\libm0.sm8)fmul.o
                                                         (C:\Program Files (x86)\COSMIC\CXSTM8_32K\Lib\libm0.sm8)lmul.o
                                                         (C:\Program Files (x86)\COSMIC\CXSTM8_32K\Lib\libm0.sm8)ldiv.o
                                                         (C:\Program Files (x86)\COSMIC\CXSTM8_32K\Lib\libm0.sm8)sdivx.o
                                                         (C:\Program Files (x86)\COSMIC\CXSTM8_32K\Lib\libm0.sm8)xymvx.o
c_xymvx                               0000bf36   defined in (C:\Program Files (x86)\COSMIC\CXSTM8_32K\Lib\libm0.sm8)xymvx.o section .text
                                                 used in Debug\stm8l_discovery_lcd.o
c_y                                   00000056   defined in (C:\Program Files (x86)\COSMIC\CXSTM8_32K\Lib\libm0.sm8)yreg.o section .ubsct
                                                 used in C:\Program Files (x86)\COSMIC\CXSTM8_32K\Lib\crtsi0.sm8
                                                         Debug\stm8l15x_it.o
                                                         Debug\stm8l_discovery_lcd.o
f_ADC1_COMP_IRQHandler                0000b065   defined in Debug\stm8l15x_it.o section .text
                                                 used in Debug\stm8_interrupt_vector.o
f_DMA1_CHANNEL0_1_IRQHandler          0000aff5   defined in Debug\stm8l15x_it.o section .text
                                                 used in Debug\stm8_interrupt_vector.o
f_DMA1_CHANNEL2_3_IRQHandler          0000aff7   defined in Debug\stm8l15x_it.o section .text
                                                 used in Debug\stm8_interrupt_vector.o
f_EXTI0_IRQHandler                    0000b001   defined in Debug\stm8l15x_it.o section .text
                                                 used in Debug\stm8_interrupt_vector.o
f_EXTI1_IRQHandler                    0000b003   defined in Debug\stm8l15x_it.o section .text
                                                 used in Debug\stm8_interrupt_vector.o
f_EXTI2_IRQHandler                    0000b005   defined in Debug\stm8l15x_it.o section .text
                                                 used in Debug\stm8_interrupt_vector.o
f_EXTI3_IRQHandler                    0000b007   defined in Debug\stm8l15x_it.o section .text
                                                 used in Debug\stm8_interrupt_vector.o
f_EXTI4_IRQHandler                    0000b009   defined in Debug\stm8l15x_it.o section .text
                                                 used in Debug\stm8_interrupt_vector.o
f_EXTI5_IRQHandler                    0000b00b   defined in Debug\stm8l15x_it.o section .text
                                                 used in Debug\stm8_interrupt_vector.o
f_EXTI6_IRQHandler                    0000b00d   defined in Debug\stm8l15x_it.o section .text
                                                 used in Debug\stm8_interrupt_vector.o
f_EXTI7_IRQHandler                    0000b00e   defined in Debug\stm8l15x_it.o section .text
                                                 used in Debug\stm8_interrupt_vector.o
f_EXTIB_IRQHandler                    0000affd   defined in Debug\stm8l15x_it.o section .text
                                                 used in Debug\stm8_interrupt_vector.o
f_EXTID_IRQHandler                    0000afff   defined in Debug\stm8l15x_it.o section .text
                                                 used in Debug\stm8_interrupt_vector.o
f_EXTIE_F_PVD_IRQHandler              0000affb   defined in Debug\stm8l15x_it.o section .text
                                                 used in Debug\stm8_interrupt_vector.o
f_FLASH_IRQHandler                    0000aff3   defined in Debug\stm8l15x_it.o section .text
                                                 used in Debug\stm8_interrupt_vector.o
f_I2C1_IRQHandler                     0000b07b   defined in Debug\stm8l15x_it.o section .text
                                                 used in Debug\stm8_interrupt_vector.o
f_LCD_IRQHandler                      0000b061   defined in Debug\stm8l15x_it.o section .text
                                                 used in Debug\stm8_interrupt_vector.o
f_NonHandledInterrupt                 0000afef   defined in Debug\stm8l15x_it.o section .text
                                                 used in Debug\stm8_interrupt_vector.o
f_RTC_IRQHandler                      0000aff9   defined in Debug\stm8l15x_it.o section .text
                                                 used in Debug\stm8_interrupt_vector.o
f_SPI1_IRQHandler                     0000b075   defined in Debug\stm8l15x_it.o section .text
                                                 used in Debug\stm8_interrupt_vector.o
f_SWITCH_CSS_BREAK_DAC_IRQHandler     0000b063   defined in Debug\stm8l15x_it.o section .text
                                                 used in Debug\stm8_interrupt_vector.o
f_TIM1_CAP_IRQHandler                 0000b071   defined in Debug\stm8l15x_it.o section .text
                                                 used in Debug\stm8_interrupt_vector.o
f_TIM1_UPD_OVF_TRG_COM_IRQHandler     0000b06f   defined in Debug\stm8l15x_it.o section .text
                                                 used in Debug\stm8_interrupt_vector.o
f_TIM2_CAP_IRQHandler                 0000b069   defined in Debug\stm8l15x_it.o section .text
                                                 used in Debug\stm8_interrupt_vector.o
f_TIM2_UPD_OVF_TRG_BRK_IRQHandler     0000b067   defined in Debug\stm8l15x_it.o section .text
                                                 used in Debug\stm8_interrupt_vector.o
f_TIM3_CAP_IRQHandler                 0000b06d   defined in Debug\stm8l15x_it.o section .text
                                                 used in Debug\stm8_interrupt_vector.o
f_TIM3_UPD_OVF_TRG_BRK_IRQHandler     0000b06b   defined in Debug\stm8l15x_it.o section .text
                                                 used in Debug\stm8_interrupt_vector.o
f_TIM4_UPD_OVF_TRG_IRQHandler         0000b073   defined in Debug\stm8l15x_it.o section .text
                                                 used in Debug\stm8_interrupt_vector.o
f_TRAP_IRQHandler                     0000aff1   defined in Debug\stm8l15x_it.o section .text
                                                 used in Debug\stm8_interrupt_vector.o
f_USART1_RX_IRQHandler                0000b079   defined in Debug\stm8l15x_it.o section .text
                                                 used in Debug\stm8_interrupt_vector.o
f_USART1_TX_IRQHandler                0000b077   defined in Debug\stm8l15x_it.o section .text
                                                 used in Debug\stm8_interrupt_vector.o
