
Map of Debug\discover.sm8 from link file Debug\discover.lkf - Thu Jun 06 18:36:08 2013


                               --------
                               Segments
                               --------

start 00008080 end 0000816f length   239 segment .const
start 000081d0 end 0000bdf4 length 15396 segment .text
start 00001000 end 0000100f length    15 segment .eeprom
start 0000100f end 00001010 length     1 segment .dataeeprom
start 00000000 end 00000003 length     3 segment .bsct, initialized
start 0000817c end 0000817f length     3 segment .bsct, from
start 00000003 end 00000050 length    77 segment .ubsct
start 00000050 end 00000050 length     0 segment .bit
start 00000050 end 00000050 length     0 segment .share
start 00000100 end 00000100 length     0 segment .data
start 00000100 end 00000100 length     0 segment .bss
start 00000100 end 00000100 length     0 segment .LPRUN
start 00000100 end 00000151 length    81 segment .DISPLAY, initialized
start 0000817f end 000081d0 length    81 segment .DISPLAY, from
start 00000000 end 0000112d length  4397 segment .info.
start 00000000 end 0000dbe7 length 56295 segment .debug
start 00008000 end 00008080 length   128 segment .const
start 0000816f end 0000817c length    13 segment .init


                               -------
                               Modules
                               -------

C:\Program Files (x86)\COSMIC\CXSTM8_32K\lib\crtsi0.sm8:
start 000081d0 end 0000821b length    75 section .text
start 00000100 end 00000100 length     0 section .bss
start 00000003 end 00000003 length     0 section .ubsct
start 00000000 end 00000030 length    48 section .info.

Debug\stm8l15x_adc.o:
start 0000821b end 00008431 length   534 section .text
start 00000000 end 00001f3a length  7994 section .debug
start 00000030 end 000000ca length   154 section .info.

Debug\stm8l15x_clk.o:
start 00008431 end 0000878e length   861 section .text
start 00001f3a end 00003919 length  6623 section .debug
start 000000ca end 00000164 length   154 section .info.
start 00008080 end 00008085 length     5 section .const

Debug\stm8l15x_exti.o:
start 0000878e end 00008ab1 length   803 section .text
start 00003919 end 00004477 length  2910 section .debug
start 00000164 end 000001ff length   155 section .info.

Debug\stm8l15x_flash.o:
start 00008ab1 end 00008cde length   557 section .text
start 00004477 end 00005362 length  3819 section .debug
start 000001ff end 0000029b length   156 section .info.

Debug\stm8l15x_gpio.o:
start 00008cde end 00008daa length   204 section .text
start 00005362 end 00005ea3 length  2881 section .debug
start 0000029b end 00000336 length   155 section .info.

Debug\stm8l15x_i2c.o:
start 00008daa end 00009276 length  1228 section .text
start 00005ea3 end 000082f1 length  9294 section .debug
start 00000336 end 000003d0 length   154 section .info.
start 00008085 end 00008091 length    12 section .const

Debug\stm8l15x_lcd.o:
start 00009276 end 0000941c length   422 section .text
start 000082f1 end 00009af8 length  6151 section .debug
start 000003d0 end 0000046a length   154 section .info.

Debug\stm8l15x_pwr.o:
start ******** end ******** length     0 section .text *** removed ***
start 00009af8 end 0000a190 length  1688 section .debug
start 0000046a end 00000504 length   154 section .info.

Debug\vcc_measure.o:
start 0000941c end 00009546 length   298 section .text
start 0000a190 end 0000a300 length   368 section .debug
start 00000504 end 0000059d length   153 section .info.

Debug\delay.o:
start 00009546 end 00009605 length   191 section .text
start 0000a300 end 0000a488 length   392 section .debug
start 0000059d end 00000630 length   147 section .info.

Debug\discover_functions.o:
start 00009605 end 00009741 length   316 section .text
start 0000a488 end 0000a83b length   947 section .debug
start 00000630 end 000006d0 length   160 section .info.
start 0000100f end 00001010 length     1 section .dataeeprom
start 00000100 end 00000151 length    81 section .DISPLAY
start 00008091 end 00008099 length     8 section .const

Debug\i2c_m24lr04e-r.o:
start 00009741 end 00009fe5 length  2212 section .text
start 0000a83b end 0000af2c length  1777 section .debug
start 000006d0 end 0000076c length   156 section .info.

Debug\i2c_stts751.o:
start 00009fe5 end 0000a407 length  1058 section .text
start 0000af2c end 0000b22d length   769 section .debug
start 0000076c end 00000805 length   153 section .info.

Debug\main.o:
start 0000a407 end 0000ae9e length  2711 section .text
start 00000003 end 00000046 length    67 section .ubsct
start 0000b22d end 0000c6a6 length  5241 section .debug
start 00000805 end 00000897 length   146 section .info.
start 00008099 end 000080f8 length    95 section .const
start 00001000 end 0000100f length    15 section .eeprom

Debug\misc.o:
start ******** end ******** length     0 section .text *** removed ***
start 0000c6a6 end 0000c7bf length   281 section .debug
start 00000897 end 00000929 length   146 section .info.
start ******** end ******** length     0 section .const *** removed ***

Debug\stm8l15x_it.o:
start 0000ae9e end 0000af2c length   142 section .text
start 0000c7bf end 0000d0ae length  2287 section .debug
start 00000929 end 000009c2 length   153 section .info.

Debug\stm8l_discovery_lcd.o:
start 0000af2c end 0000b82c length  2304 section .text
start 00000000 end 00000003 length     3 section .bsct
start 0000d0ae end 0000dac1 length  2579 section .debug
start 000009c2 end 00000a63 length   161 section .info.
start 000080f8 end 0000816f length   119 section .const

(C:\Program Files (x86)\COSMIC\CXSTM8_32K\lib\libm0.sm8)fctcpy.o:
start 0000b82c end 0000b861 length    53 section .text
start 00000a63 end 00000a94 length    49 section .info.

(C:\Program Files (x86)\COSMIC\CXSTM8_32K\lib\libm0.sm8)cmulx.o:
start 0000b861 end 0000b875 length    20 section .text
start 00000a94 end 00000ac4 length    48 section .info.

(C:\Program Files (x86)\COSMIC\CXSTM8_32K\lib\libm0.sm8)eeprom.o:
start 0000b875 end 0000b8db length   102 section .text
start 00000ac4 end 00000af5 length    49 section .info.

(C:\Program Files (x86)\COSMIC\CXSTM8_32K\lib\libm0.sm8)fdiv.o:
start 0000b8db end 0000b95f length   132 section .text
start 00000af5 end 00000b24 length    47 section .info.

(C:\Program Files (x86)\COSMIC\CXSTM8_32K\lib\libm0.sm8)fgmul.o:
start 0000b95f end 0000b967 length     8 section .text
start 00000b24 end 00000b54 length    48 section .info.

(C:\Program Files (x86)\COSMIC\CXSTM8_32K\lib\libm0.sm8)fmul.o:
start 0000b967 end 0000ba3c length   213 section .text
start 00000b54 end 00000b83 length    47 section .info.

(C:\Program Files (x86)\COSMIC\CXSTM8_32K\lib\libm0.sm8)ftol.o:
start 0000ba3c end 0000ba9e length    98 section .text
start 00000b83 end 00000bb2 length    47 section .info.

(C:\Program Files (x86)\COSMIC\CXSTM8_32K\lib\libm0.sm8)idiv.o:
start 0000ba9e end 0000babc length    30 section .text
start 00000bb2 end 00000be1 length    47 section .info.

(C:\Program Files (x86)\COSMIC\CXSTM8_32K\lib\libm0.sm8)itof.o:
start 0000babc end 0000baea length    46 section .text
start 00000be1 end 00000c10 length    47 section .info.

(C:\Program Files (x86)\COSMIC\CXSTM8_32K\lib\libm0.sm8)ladd.o:
start 0000baea end 0000bb02 length    24 section .text
start 00000c10 end 00000c3f length    47 section .info.

(C:\Program Files (x86)\COSMIC\CXSTM8_32K\lib\libm0.sm8)lcmp.o:
start 0000bb02 end 0000bb22 length    32 section .text
start 00000c3f end 00000c6e length    47 section .info.

(C:\Program Files (x86)\COSMIC\CXSTM8_32K\lib\libm0.sm8)lgadd.o:
start 0000bb22 end 0000bb39 length    23 section .text
start 00000c6e end 00000c9e length    48 section .info.

(C:\Program Files (x86)\COSMIC\CXSTM8_32K\lib\libm0.sm8)lgsbc.o:
start 0000bb39 end 0000bb4f length    22 section .text
start 00000c9e end 00000cce length    48 section .info.

(C:\Program Files (x86)\COSMIC\CXSTM8_32K\lib\libm0.sm8)lmul.o:
start 0000bb4f end 0000bbda length   139 section .text
start 00000cce end 00000cfd length    47 section .info.

(C:\Program Files (x86)\COSMIC\CXSTM8_32K\lib\libm0.sm8)lreg.o:
start 00000046 end 0000004a length     4 section .ubsct
start 00000cfd end 00000d2c length    47 section .info.

(C:\Program Files (x86)\COSMIC\CXSTM8_32K\lib\libm0.sm8)lrzmp.o:
start 0000bbda end 0000bbee length    20 section .text
start 00000d2c end 00000d5c length    48 section .info.

(C:\Program Files (x86)\COSMIC\CXSTM8_32K\lib\libm0.sm8)ltor.o:
start 0000bbee end 0000bc00 length    18 section .text
start 00000d5c end 00000d8b length    47 section .info.

(C:\Program Files (x86)\COSMIC\CXSTM8_32K\lib\libm0.sm8)ludiv.o:
start 0000bc00 end 0000bc14 length    20 section .text
start 00000d8b end 00000dbb length    48 section .info.

(C:\Program Files (x86)\COSMIC\CXSTM8_32K\lib\libm0.sm8)ldiv.o:
start 0000bc14 end 0000bcff length   235 section .text
start 00000dbb end 00000dea length    47 section .info.

(C:\Program Files (x86)\COSMIC\CXSTM8_32K\lib\libm0.sm8)lgneg.o:
start 0000bcff end 0000bd12 length    19 section .text
start 00000dea end 00000e1a length    48 section .info.

(C:\Program Files (x86)\COSMIC\CXSTM8_32K\lib\libm0.sm8)lneg.o:
start 0000bd12 end 0000bd27 length    21 section .text
start 00000e1a end 00000e49 length    47 section .info.

(C:\Program Files (x86)\COSMIC\CXSTM8_32K\lib\libm0.sm8)lumod.o:
start ******** end ******** length     0 section .text *** removed ***
start 00000e49 end 00000e79 length    48 section .info.

(C:\Program Files (x86)\COSMIC\CXSTM8_32K\lib\libm0.sm8)lzmp.o:
start 0000bd27 end 0000bd3a length    19 section .text
start 00000e79 end 00000ea8 length    47 section .info.

(C:\Program Files (x86)\COSMIC\CXSTM8_32K\lib\libm0.sm8)rtol.o:
start 0000bd3a end 0000bd4c length    18 section .text
start 00000ea8 end 00000ed7 length    47 section .info.

(C:\Program Files (x86)\COSMIC\CXSTM8_32K\lib\libm0.sm8)sdivx.o:
start 0000bd4c end 0000bd77 length    43 section .text
start 00000ed7 end 00000f07 length    48 section .info.

(C:\Program Files (x86)\COSMIC\CXSTM8_32K\lib\libm0.sm8)smul.o:
start 0000bd77 end 0000bdb6 length    63 section .text
start 00000f07 end 00000f36 length    47 section .info.

(C:\Program Files (x86)\COSMIC\CXSTM8_32K\lib\libm0.sm8)uitof.o:
start 0000bdb6 end 0000bdda length    36 section .text
start 00000f36 end 00000f66 length    48 section .info.

(C:\Program Files (x86)\COSMIC\CXSTM8_32K\lib\libm0.sm8)utol.o:
start 0000bdda end 0000bde5 length    11 section .text
start 00000f66 end 00000f95 length    47 section .info.

(C:\Program Files (x86)\COSMIC\CXSTM8_32K\lib\libm0.sm8)utolx.o:
start ******** end ******** length     0 section .text *** removed ***
start 00000f95 end 00000fc5 length    48 section .info.

(C:\Program Files (x86)\COSMIC\CXSTM8_32K\lib\libm0.sm8)xreg.o:
start 0000004a end 0000004d length     3 section .ubsct
start 00000fc5 end 00000ff4 length    47 section .info.

(C:\Program Files (x86)\COSMIC\CXSTM8_32K\lib\libm0.sm8)xymvx.o:
start 0000bde5 end 0000bdf4 length    15 section .text
start 00000ff4 end 00001024 length    48 section .info.

(C:\Program Files (x86)\COSMIC\CXSTM8_32K\lib\libm0.sm8)yreg.o:
start 0000004d end 00000050 length     3 section .ubsct
start 00001024 end 00001053 length    47 section .info.

Debug\stm8_interrupt_vector.o:
start 0000dac1 end 0000dbe7 length   294 section .debug
start 00001053 end 000010f6 length   163 section .info.
start 00008000 end 00008080 length   128 section .const


                             -----------
                             Stack usage
                             -----------

Debug\delay.o:
_delayLFO_ms                               13   (4)
_delay_10us                                 9   (4)
_delay_ms                                   9   (4)

Debug\discover_functions.o:
_Display_Ram                               48   (4)
_FLASH_ProgramBias                     >   12   (3)
_Vdd_appli                                 28   (14)
_Vref_measure                              45   (16)
_convert_into_char                         16   (16)

Debug\i2c_m24lr04e-r.o:
L3_M24LR04E_LowLevel_DeInit                 8   (2)
L5_M24LR04E_LowLevel_Init                   7   (2)
_M24LR04E_DeInit                           10   (2)
_M24LR04E_GetStatus                    >   18   (6)
_M24LR04E_Init                             53   (2)
_M24LR04E_ReadBuffer                       24   (12)
_M24LR04E_ReadConfReg                  >   15   (3)
_M24LR04E_ReadOneByte                      23   (11)
_M24LR04E_ReadReg                      >   17   (5)
_M24LR04E_ReadTemp                     >   16   (4)
_M24LR04E_WriteConfReg                 >   15   (3)
_M24LR04E_WriteOneByte                     22   (10)
_M24LR04E_WriteReg                     >   17   (5)

Debug\i2c_stts751.o:
L3_I2C_SS_LowLevel_Init                     7   (2)
_I2C_SS_BufferRead                     >   22   (10)
_I2C_SS_Config                             20   (8)
_I2C_SS_Init                               53   (2)
_I2C_SS_ReadOneByte                        21   (9)

Debug\main.o:
L11_User_CheckNDEFMessage                  29   (6)
L12_DeInitGPIO                              8   (2)
L13_User_ReadNDEFMessage                  284   (6)
L14_User_DisplayOneTemperature             44   (15)
L16_Check_Code_Length                       2   (2)
L31_User_GetNDEFMessage                    31   (7)
L32_User_DesactivateEnergyHarvesting   >   26   (4)
L33_User_DisplayMessage                    51   (5)
L34_User_WriteFirmwareVersion              59   (6)
L35_Read_Units_from_memory                 97   (22)
L36_Overwrite_dollar_EEPROM                75   (22)
L51_ToUpperCase                           278   (278)
L53_User_DisplayMessageActiveHaltMode  >   50   (2)
L54_Copy_Units_in_other_memory             97   (22)
L56_OverwriteAll_CODE_EEPROM               71   (18)
L71_DeInitClock                             7   (2)
L72_InitializeBuffer                        5   (5)
L73_User_GetOneTemperature                 58   (5)
L74_Check_PID_Buffer_Equal                  2   (2)
L75_State_DisplayMessage                   33   (5)
L7_User_GetPayloadLength                   29   (6)
_LCD_GLASS_DisplayString_1                 28   (5)
_main                                  >  290   (6)

Debug\stm8l15x_adc.o:
_ADC_AnalogWatchdogChannelSelect       >    5   (5)
_ADC_AnalogWatchdogConfig              >    9   (9)
_ADC_AnalogWatchdogThresholdsConfig    >    8   (8)
_ADC_ChannelCmd                             8   (8)
_ADC_ClearFlag                         >    5   (5)
_ADC_ClearITPendingBit                 >    7   (7)
_ADC_Cmd                                    5   (5)
_ADC_DMACmd                            >    5   (5)
_ADC_DeInit                                 2   (2)
_ADC_ExternalTrigConfig                >    6   (6)
_ADC_GetConversionValue                     6   (6)
_ADC_GetFlagStatus                          6   (6)
_ADC_GetITStatus                       >    8   (8)
_ADC_ITConfig                          >    6   (6)
_ADC_Init                                   7   (7)
_ADC_SamplingTimeConfig                     6   (6)
_ADC_SchmittTriggerConfig                   8   (8)
_ADC_SoftwareStartConv                      2   (2)
_ADC_TempSensorCmd                     >    2   (2)
_ADC_VrefintCmd                             2   (2)

Debug\stm8l15x_clk.o:
_CLK_AdjustHSICalibrationValue         >    2   (2)
_CLK_BEEPClockConfig                   >    2   (2)
_CLK_CCOConfig                         >    4   (4)
_CLK_ClearFlag                         >    2   (2)
_CLK_ClearITPendingBit                 >    2   (2)
_CLK_ClockSecuritySystemEnable         >    2   (2)
_CLK_ClockSecuritySytemDeglitchCmd     >    2   (2)
_CLK_DeInit                            >    2   (2)
_CLK_GetClockFreq                          25   (11)
_CLK_GetFlagStatus                     >    5   (5)
_CLK_GetITStatus                       >    4   (4)
_CLK_GetSYSCLKSource                   >    2   (2)
_CLK_HSEConfig                         >    2   (2)
_CLK_HSICmd                                 2   (2)
_CLK_HaltConfig                        >    4   (4)
_CLK_ITConfig                          >    4   (4)
_CLK_LSEClockSecuritySystemEnable      >    2   (2)
_CLK_LSEConfig                         >    2   (2)
_CLK_LSICmd                                 2   (2)
_CLK_MainRegulatorCmd                  >    2   (2)
_CLK_PeripheralClockConfig                  5   (5)
_CLK_RTCCLKSwitchOnLSEFailureEnable    >    2   (2)
_CLK_RTCClockConfig                         4   (4)
_CLK_SYSCLKDivConfig                        2   (2)
_CLK_SYSCLKSourceConfig                     2   (2)
_CLK_SYSCLKSourceSwitchCmd                  2   (2)

Debug\stm8l15x_exti.o:
_EXTI_ClearITPendingBit                     6   (6)
_EXTI_DeInit                           >    2   (2)
_EXTI_GetITStatus                      >    5   (5)
_EXTI_GetPinSensitivity                >    3   (3)
_EXTI_GetPortSensitivity               >    4   (4)
_EXTI_SelectPort                       >    3   (3)
_EXTI_SetHalfPortSelection             >    4   (4)
_EXTI_SetPinSensitivity                     4   (4)
_EXTI_SetPortSensitivity               >    4   (4)

Debug\stm8l15x_flash.o:
_FLASH_DeInit                          >    2   (2)
_FLASH_EraseBlock                      >   13   (11)
_FLASH_EraseByte                       >    6   (6)
_FLASH_EraseOptionByte                 >   11   (2)
_FLASH_GetBootSize                     >    4   (4)
_FLASH_GetCodeSize                     >    4   (4)
_FLASH_GetFlagStatus                   >    3   (3)
_FLASH_GetPowerStatus                  >    2   (2)
_FLASH_GetProgrammingTime              >    2   (2)
_FLASH_GetReadOutProtectionStatus      >    3   (3)
_FLASH_ITConfig                        >    2   (2)
_FLASH_Lock                                 2   (2)
_FLASH_PowerRunModeConfig              >    2   (2)
_FLASH_PowerWaitModeConfig             >    2   (2)
_FLASH_ProgramBlock                    >   16   (14)
_FLASH_ProgramByte                     >    7   (7)
_FLASH_ProgramOptionByte               >   14   (5)
_FLASH_ProgramWord                     >   10   (10)
_FLASH_ReadByte                        >    6   (6)
_FLASH_SetProgrammingTime              >    2   (2)
_FLASH_Unlock                               3   (3)
_FLASH_WaitForLastOperation                 9   (7)

Debug\stm8l15x_gpio.o:
_GPIO_DeInit                           >    2   (2)
_GPIO_ExternalPullUpConfig             >    6   (6)
_GPIO_Init                                  6   (6)
_GPIO_ReadInputData                    >    2   (2)
_GPIO_ReadInputDataBit                 >    5   (5)
_GPIO_ReadOutputData                   >    2   (2)
_GPIO_ReadOutputDataBit                >    5   (5)
_GPIO_ResetBits                             5   (5)
_GPIO_SetBits                               5   (5)
_GPIO_ToggleBits                       >    5   (5)
_GPIO_Write                            >    5   (5)
_GPIO_WriteBit                         >    6   (6)

Debug\stm8l15x_i2c.o:
_I2C_ARPCmd                            >    5   (5)
_I2C_AckPositionConfig                      5   (5)
_I2C_AcknowledgeConfig                      5   (5)
_I2C_CalculatePEC                      >    5   (5)
_I2C_CheckEvent                            12   (12)
_I2C_ClearFlag                              8   (8)
_I2C_ClearITPendingBit                 >    8   (8)
_I2C_Cmd                                    5   (5)
_I2C_DMACmd                            >    5   (5)
_I2C_DMALastTransferCmd                >    5   (5)
_I2C_DeInit                                 2   (2)
_I2C_DualAddressCmd                    >    5   (5)
_I2C_FastModeDutyCycleConfig           >    5   (5)
_I2C_GeneralCallCmd                    >    5   (5)
_I2C_GenerateSTART                          5   (5)
_I2C_GenerateSTOP                           5   (5)
_I2C_GetFlagStatus                          8   (8)
_I2C_GetITStatus                       >   10   (10)
_I2C_GetLastEvent                      >   10   (10)
_I2C_GetPEC                            >    2   (2)
_I2C_ITConfig                          >    7   (7)
_I2C_Init                                  51   (26)
_I2C_OwnAddress2Config                 >    6   (6)
_I2C_PECPositionConfig                 >    5   (5)
_I2C_ReadRegister                      >    9   (9)
_I2C_ReceiveData                            2   (2)
_I2C_SMBusAlertConfig                  >    5   (5)
_I2C_Send7bitAddress                        6   (6)
_I2C_SendData                               5   (5)
_I2C_SoftwareResetCmd                  >    5   (5)
_I2C_StretchClockCmd                   >    5   (5)
_I2C_TransmitPEC                       >    5   (5)

Debug\stm8l15x_it.o:
f_ADC1_COMP_IRQHandler                 >    6   (6)
f_DMA1_CHANNEL0_1_IRQHandler           >    6   (6)
f_DMA1_CHANNEL2_3_IRQHandler           >    6   (6)
f_EXTI0_IRQHandler                     >    6   (6)
f_EXTI1_IRQHandler                     >    6   (6)
f_EXTI2_IRQHandler                     >    6   (6)
f_EXTI3_IRQHandler                     >    6   (6)
f_EXTI4_IRQHandler                     >    6   (6)
f_EXTI5_IRQHandler                     >    6   (6)
f_EXTI6_IRQHandler                     >    6   (6)
f_EXTI7_IRQHandler                     >   18   (12)
f_EXTIB_IRQHandler                     >    6   (6)
f_EXTID_IRQHandler                     >    6   (6)
f_EXTIE_F_PVD_IRQHandler               >    6   (6)
f_FLASH_IRQHandler                     >    6   (6)
f_I2C1_IRQHandler                      >    6   (6)
f_LCD_IRQHandler                       >    6   (6)
f_NonHandledInterrupt                  >    6   (6)
f_RTC_IRQHandler                       >    6   (6)
f_SPI1_IRQHandler                      >    6   (6)
f_SWITCH_CSS_BREAK_DAC_IRQHandler      >    6   (6)
f_TIM1_CAP_IRQHandler                  >    6   (6)
f_TIM1_UPD_OVF_TRG_COM_IRQHandler      >    6   (6)
f_TIM2_CAP_IRQHandler                  >    6   (6)
f_TIM2_UPD_OVF_TRG_BRK_IRQHandler      >    6   (6)
f_TIM3_CAP_IRQHandler                  >    6   (6)
f_TIM3_UPD_OVF_TRG_BRK_IRQHandler      >    6   (6)
f_TIM4_UPD_OVF_TRG_IRQHandler          >    6   (6)
f_TRAP_IRQHandler                      >    6   (6)
f_USART1_RX_IRQHandler                 >    6   (6)
f_USART1_TX_IRQHandler                 >    6   (6)

Debug\stm8l15x_lcd.o:
_LCD_BlinkConfig                       >    2   (2)
_LCD_ClearFlag                         >    2   (2)
_LCD_ClearITPendingBit                 >    2   (2)
_LCD_Cmd                                    2   (2)
_LCD_ContrastConfig                         3   (3)
_LCD_DeInit                            >    3   (3)
_LCD_DeadTimeConfig                         3   (3)
_LCD_GetFlagStatus                     >    3   (3)
_LCD_GetITStatus                       >    3   (3)
_LCD_HighDriveCmd                      >    2   (2)
_LCD_ITConfig                          >    2   (2)
_LCD_Init                                   7   (7)
_LCD_PageSelect                        >    2   (2)
_LCD_PortMaskConfig                         4   (4)
_LCD_PulseOnDurationConfig                  3   (3)
_LCD_WriteRAM                          >    4   (4)

Debug\stm8l_discovery_lcd.o:
L3_LCD_Conv_Char_Seg                       12   (12)
_LCD_GLASS_Clear                            3   (3)
_LCD_GLASS_DisplayStrDeci                  29   (6)
_LCD_GLASS_DisplayString                   28   (5)
_LCD_GLASS_Init                             9   (2)
_LCD_GLASS_ScrollSentence              >   48   (20)
_LCD_GLASS_ScrollSentenceNbCar             46   (18)
_LCD_GLASS_ScrollSentenceNbCarLP           44   (16)
_LCD_GLASS_WriteChar                       23   (11)
_LCD_bar                                    2   (2)
_LCD_contrast                          >   12   (3)

Debug\vcc_measure.o:
_ADC_Supply                                14   (5)
_GPIO_LowPower_Config                       8   (2)
_Halt_Init                             >   10   (2)
__fctcpy                                    3   (3)

Stack size: 308


                              ---------
                              Call tree
                              ---------
   1 > L32_User_DesactivateEnergyHarvesting: (4)
   2      + _M24LR04E_WriteOneByte: (10)
   3      |    + _I2C_CheckEvent: (12)
   4      |    + _I2C_GenerateSTART: (5)
   5      |    + _I2C_GenerateSTOP: (5)
   6      |    + _I2C_Send7bitAddress: (6)
   7      |    + _I2C_SendData: (5)
          | 
       
   8 > L53_User_DisplayMessageActiveHaltMode: (2)
   9      + _CLK_HSICmd: (2)
  10      + _CLK_SYSCLKDivConfig: (2)
  11      + _CLK_SYSCLKSourceConfig: (2)
  12      + _CLK_SYSCLKSourceSwitchCmd: (2)
  13      + _Display_Ram: (4)
  14      |    + _LCD_GLASS_ScrollSentenceNbCarLP: (16)
  15      |    |    + _LCD_GLASS_DisplayString: (5)
  16      |    |    |    + _LCD_GLASS_Clear: (3)
  17      |    |    |    + _LCD_GLASS_WriteChar: (11)
  18      |    |    |    |    + L3_LCD_Conv_Char_Seg: (12)
  19      |    |    |    |    + _LCD_bar: (2)
          |    |    |    | 
          |    |    | 
  20      |    |    + _delay_10us: (4)
  21      |    |    |    + _CLK_PeripheralClockConfig: (5)
          |    |    | 
          |    | 
          | 
  22      + __fctcpy: (3)
       
  23 > _ADC_AnalogWatchdogChannelSelect: (5)

  24 > _ADC_AnalogWatchdogConfig: (9)

  25 > _ADC_AnalogWatchdogThresholdsConfig: (8)

  26 > _ADC_ClearFlag: (5)

  27 > _ADC_ClearITPendingBit: (7)

  28 > _ADC_DMACmd: (5)

  29 > _ADC_ExternalTrigConfig: (6)

  30 > _ADC_GetITStatus: (8)

  31 > _ADC_ITConfig: (6)

  32 > _ADC_TempSensorCmd: (2)

  33 > _CLK_AdjustHSICalibrationValue: (2)

  34 > _CLK_BEEPClockConfig: (2)

  35 > _CLK_CCOConfig: (4)

  36 > _CLK_ClearFlag: (2)

  37 > _CLK_ClearITPendingBit: (2)

  38 > _CLK_ClockSecuritySystemEnable: (2)

  39 > _CLK_ClockSecuritySytemDeglitchCmd: (2)

  40 > _CLK_DeInit: (2)

  41 > _CLK_GetFlagStatus: (5)

  42 > _CLK_GetITStatus: (4)

  43 > _CLK_GetSYSCLKSource: (2)

  44 > _CLK_HSEConfig: (2)

  45 > _CLK_HaltConfig: (4)

  46 > _CLK_ITConfig: (4)

  47 > _CLK_LSEClockSecuritySystemEnable: (2)

  48 > _CLK_LSEConfig: (2)

  49 > _CLK_MainRegulatorCmd: (2)

  50 > _CLK_RTCCLKSwitchOnLSEFailureEnable: (2)

  51 > _EXTI_DeInit: (2)

  52 > _EXTI_GetITStatus: (5)

  53 > _EXTI_GetPinSensitivity: (3)

  54 > _EXTI_GetPortSensitivity: (4)

  55 > _EXTI_SelectPort: (3)

  56 > _EXTI_SetHalfPortSelection: (4)

  57 > _EXTI_SetPortSensitivity: (4)

  58 > _FLASH_DeInit: (2)

  59 > _FLASH_EraseBlock: (11)

  60 > _FLASH_EraseByte: (6)

  61 > _FLASH_EraseOptionByte: (2)
  62      + _FLASH_WaitForLastOperation: (7)
       
  63 > _FLASH_GetBootSize: (4)

  64 > _FLASH_GetCodeSize: (4)

  65 > _FLASH_GetFlagStatus: (3)

  66 > _FLASH_GetPowerStatus: (2)

  67 > _FLASH_GetProgrammingTime: (2)

  68 > _FLASH_GetReadOutProtectionStatus: (3)

  69 > _FLASH_ITConfig: (2)

  70 > _FLASH_PowerRunModeConfig: (2)

  71 > _FLASH_PowerWaitModeConfig: (2)

  72 > _FLASH_ProgramBias: (3)
  73      + _FLASH_Lock: (2)
  74      + _FLASH_Unlock: (3)
  75      + _FLASH_WaitForLastOperation --> 62
       
  76 > _FLASH_ProgramBlock: (14)

  77 > _FLASH_ProgramByte: (7)

  78 > _FLASH_ProgramOptionByte: (5)
  79      + _FLASH_WaitForLastOperation --> 62
       
  80 > _FLASH_ProgramWord: (10)

  81 > _FLASH_ReadByte: (6)

  82 > _FLASH_SetProgrammingTime: (2)

  83 > _GPIO_DeInit: (2)

  84 > _GPIO_ExternalPullUpConfig: (6)

  85 > _GPIO_ReadInputData: (2)

  86 > _GPIO_ReadInputDataBit: (5)

  87 > _GPIO_ReadOutputData: (2)

  88 > _GPIO_ReadOutputDataBit: (5)

  89 > _GPIO_ToggleBits: (5)

  90 > _GPIO_Write: (5)

  91 > _GPIO_WriteBit: (6)

  92 > _Halt_Init: (2)
  93      + _CLK_LSICmd: (2)
  94      + _CLK_PeripheralClockConfig --> 21
  95      + _CLK_RTCClockConfig: (4)
  96      + _GPIO_LowPower_Config: (2)
  97      |    + _GPIO_Init: (6)
          | 
  98      + _LCD_Cmd: (2)
       
  99 > _I2C_ARPCmd: (5)

 100 > _I2C_CalculatePEC: (5)

 101 > _I2C_ClearITPendingBit: (8)

 102 > _I2C_DMACmd: (5)

 103 > _I2C_DMALastTransferCmd: (5)

 104 > _I2C_DualAddressCmd: (5)

 105 > _I2C_FastModeDutyCycleConfig: (5)

 106 > _I2C_GeneralCallCmd: (5)

 107 > _I2C_GetITStatus: (10)

 108 > _I2C_GetLastEvent: (10)

 109 > _I2C_GetPEC: (2)

 110 > _I2C_ITConfig: (7)

 111 > _I2C_OwnAddress2Config: (6)

 112 > _I2C_PECPositionConfig: (5)

 113 > _I2C_ReadRegister: (9)

 114 > _I2C_SMBusAlertConfig: (5)

 115 > _I2C_SS_BufferRead: (10)
 116      + _I2C_AckPositionConfig: (5)
 117      + _I2C_AcknowledgeConfig: (5)
 118      + _I2C_CheckEvent --> 3
 119      + _I2C_GenerateSTART --> 4
 120      + _I2C_GenerateSTOP --> 5
 121      + _I2C_GetFlagStatus: (8)
 122      + _I2C_ReceiveData: (2)
 123      + _I2C_Send7bitAddress --> 6
 124      + _I2C_SendData --> 7
       
 125 > _I2C_SoftwareResetCmd: (5)

 126 > _I2C_StretchClockCmd: (5)

 127 > _I2C_TransmitPEC: (5)

 128 > _LCD_BlinkConfig: (2)

 129 > _LCD_ClearFlag: (2)

 130 > _LCD_ClearITPendingBit: (2)

 131 > _LCD_DeInit: (3)

 132 > _LCD_GLASS_ScrollSentence: (20)
 133      + _LCD_GLASS_Clear --> 16
 134      + _LCD_GLASS_DisplayString --> 15
 135      + _delay_ms: (4)
 136      |    + _CLK_PeripheralClockConfig --> 21
          | 
       
 137 > _LCD_GetFlagStatus: (3)

 138 > _LCD_GetITStatus: (3)

 139 > _LCD_HighDriveCmd: (2)

 140 > _LCD_ITConfig: (2)

 141 > _LCD_PageSelect: (2)

 142 > _LCD_WriteRAM: (4)

 143 > _LCD_contrast: (3)
 144      + _LCD_ContrastConfig: (3)
 145      + _delay_ms --> 135
       
 146 > _M24LR04E_GetStatus: (6)
 147      + _I2C_AcknowledgeConfig --> 117
 148      + _I2C_CheckEvent --> 3
 149      + _I2C_ClearFlag: (8)
 150      + _I2C_GenerateSTART --> 4
 151      + _I2C_GetFlagStatus --> 121
 152      + _I2C_Send7bitAddress --> 6
       
 153 > _M24LR04E_ReadConfReg: (3)
 154      + _I2C_AcknowledgeConfig --> 117
 155      + _I2C_CheckEvent --> 3
 156      + _I2C_GenerateSTART --> 4
 157      + _I2C_GenerateSTOP --> 5
 158      + _I2C_GetFlagStatus --> 121
 159      + _I2C_ReceiveData --> 122
 160      + _I2C_Send7bitAddress --> 6
 161      + _I2C_SendData --> 7
       
 162 > _M24LR04E_ReadReg: (5)
 163      + _I2C_AcknowledgeConfig --> 117
 164      + _I2C_CheckEvent --> 3
 165      + _I2C_GenerateSTART --> 4
 166      + _I2C_GenerateSTOP --> 5
 167      + _I2C_GetFlagStatus --> 121
 168      + _I2C_ReceiveData --> 122
 169      + _I2C_Send7bitAddress --> 6
 170      + _I2C_SendData --> 7
       
 171 > _M24LR04E_ReadTemp: (4)
 172      + _I2C_AcknowledgeConfig --> 117
 173      + _I2C_CheckEvent --> 3
 174      + _I2C_GenerateSTART --> 4
 175      + _I2C_GenerateSTOP --> 5
 176      + _I2C_GetFlagStatus --> 121
 177      + _I2C_ReceiveData --> 122
 178      + _I2C_Send7bitAddress --> 6
 179      + _I2C_SendData --> 7
       
 180 > _M24LR04E_WriteConfReg: (3)
 181      + _I2C_CheckEvent --> 3
 182      + _I2C_GenerateSTART --> 4
 183      + _I2C_GenerateSTOP --> 5
 184      + _I2C_Send7bitAddress --> 6
 185      + _I2C_SendData --> 7
       
 186 > _M24LR04E_WriteReg: (5)
 187      + _I2C_CheckEvent --> 3
 188      + _I2C_GenerateSTART --> 4
 189      + _I2C_GenerateSTOP --> 5
 190      + _I2C_Send7bitAddress --> 6
 191      + _I2C_SendData --> 7
       
 192 > __stext: (0)

 193 > _main: (6)
 194      + L12_DeInitGPIO: (2)
 195      |    + _GPIO_Init --> 97
          | 
 196      + L13_User_ReadNDEFMessage: (6)
 197      |    + L11_User_CheckNDEFMessage: (6)
 198      |    |    + _M24LR04E_ReadOneByte: (11)
 199      |    |    |    + _I2C_AcknowledgeConfig --> 117
 200      |    |    |    + _I2C_CheckEvent --> 3
 201      |    |    |    + _I2C_GenerateSTART --> 4
 202      |    |    |    + _I2C_GenerateSTOP --> 5
 203      |    |    |    + _I2C_GetFlagStatus --> 121
 204      |    |    |    + _I2C_ReceiveData --> 122
 205      |    |    |    + _I2C_Send7bitAddress --> 6
 206      |    |    |    + _I2C_SendData --> 7
          |    |    | 
          |    | 
 207      |    + L31_User_GetNDEFMessage: (7)
 208      |    |    + _M24LR04E_ReadBuffer: (12)
 209      |    |    |    + _I2C_AcknowledgeConfig --> 117
 210      |    |    |    + _I2C_CheckEvent --> 3
 211      |    |    |    + _I2C_GenerateSTART --> 4
 212      |    |    |    + _I2C_GenerateSTOP --> 5
 213      |    |    |    + _I2C_GetFlagStatus --> 121
 214      |    |    |    + _I2C_ReceiveData --> 122
 215      |    |    |    + _I2C_Send7bitAddress --> 6
 216      |    |    |    + _I2C_SendData --> 7
          |    |    | 
          |    | 
 217      |    + L51_ToUpperCase: (278)
 218      |    + L72_InitializeBuffer: (5)
 219      |    + L7_User_GetPayloadLength: (6)
 220      |    |    + _M24LR04E_ReadOneByte --> 198
          |    | 
 221      |    + _CLK_PeripheralClockConfig --> 21
 222      |    + _I2C_Cmd: (5)
 223      |    + _M24LR04E_DeInit: (2)
 224      |    |    + L3_M24LR04E_LowLevel_DeInit: (2)
 225      |    |    |    + _CLK_PeripheralClockConfig --> 21
 226      |    |    |    + _GPIO_Init --> 97
 227      |    |    |    + _I2C_Cmd --> 222
 228      |    |    |    + _I2C_DeInit: (2)
          |    |    | 
          |    | 
 229      |    + _M24LR04E_Init: (2)
 230      |    |    + L5_M24LR04E_LowLevel_Init: (2)
 231      |    |    |    + _CLK_PeripheralClockConfig --> 21
          |    |    | 
 232      |    |    + _I2C_Cmd --> 222
 233      |    |    + _I2C_DeInit --> 228
 234      |    |    + _I2C_Init: (26)
 235      |    |    |    + _CLK_GetClockFreq: (11)
          |    |    | 
          |    | 
          | 
 236      + L14_User_DisplayOneTemperature: (15)
 237      |    + _LCD_GLASS_DisplayStrDeci: (6)
 238      |    |    + _LCD_GLASS_Clear --> 16
 239      |    |    + _LCD_GLASS_WriteChar --> 17
          |    | 
          | 
 240      + L16_Check_Code_Length: (2)
 241      + L33_User_DisplayMessage: (5)
 242      |    + _CLK_HSICmd --> 9
 243      |    + _CLK_SYSCLKDivConfig --> 10
 244      |    + _CLK_SYSCLKSourceConfig --> 11
 245      |    + _CLK_SYSCLKSourceSwitchCmd --> 12
 246      |    + _LCD_GLASS_ScrollSentenceNbCar: (18)
 247      |    |    + _LCD_GLASS_DisplayString --> 15
 248      |    |    + _delay_10us --> 20
          |    | 
          | 
 249      + L34_User_WriteFirmwareVersion: (6)
 250      |    + _CLK_PeripheralClockConfig --> 21
 251      |    + _I2C_Cmd --> 222
 252      |    + _M24LR04E_DeInit --> 223
 253      |    + _M24LR04E_Init --> 229
 254      |    + _M24LR04E_WriteOneByte --> 2
          | 
 255      + L35_Read_Units_from_memory: (22)
 256      |    + L36_Overwrite_dollar_EEPROM: (22)
 257      |    |    + _CLK_PeripheralClockConfig --> 21
 258      |    |    + _I2C_Cmd --> 222
 259      |    |    + _M24LR04E_Init --> 229
 260      |    |    + _M24LR04E_WriteOneByte --> 2
          |    | 
 261      |    + L56_OverwriteAll_CODE_EEPROM: (18)
 262      |    |    + _CLK_PeripheralClockConfig --> 21
 263      |    |    + _I2C_Cmd --> 222
 264      |    |    + _M24LR04E_Init --> 229
 265      |    |    + _M24LR04E_WriteOneByte --> 2
 266      |    |    + _delayLFO_ms: (4)
 267      |    |    |    + _CLK_HSICmd --> 9
 268      |    |    |    + _CLK_SYSCLKDivConfig --> 10
 269      |    |    |    + _CLK_SYSCLKSourceConfig --> 11
 270      |    |    |    + _CLK_SYSCLKSourceSwitchCmd --> 12
 271      |    |    |    + _delay_ms --> 135
          |    |    | 
          |    | 
 272      |    + L74_Check_PID_Buffer_Equal: (2)
 273      |    + _CLK_PeripheralClockConfig --> 21
 274      |    + _GPIO_SetBits: (5)
 275      |    + _I2C_Cmd --> 222
 276      |    + _M24LR04E_Init --> 229
 277      |    + _M24LR04E_ReadOneByte --> 198
          | 
 278      + L54_Copy_Units_in_other_memory: (22)
 279      |    + L36_Overwrite_dollar_EEPROM --> 256
 280      |    + L56_OverwriteAll_CODE_EEPROM --> 261
 281      |    + _CLK_PeripheralClockConfig --> 21
 282      |    + _I2C_Cmd --> 222
 283      |    + _M24LR04E_Init --> 229
 284      |    + _M24LR04E_ReadOneByte --> 198
          | 
 285      + L71_DeInitClock: (2)
 286      |    + _CLK_PeripheralClockConfig --> 21
          | 
 287      + L73_User_GetOneTemperature: (5)
 288      |    + _I2C_SS_Config: (8)
 289      |    |    + _I2C_AcknowledgeConfig --> 117
 290      |    |    + _I2C_CheckEvent --> 3
 291      |    |    + _I2C_GenerateSTART --> 4
 292      |    |    + _I2C_GenerateSTOP --> 5
 293      |    |    + _I2C_GetFlagStatus --> 121
 294      |    |    + _I2C_Send7bitAddress --> 6
 295      |    |    + _I2C_SendData --> 7
          |    | 
 296      |    + _I2C_SS_Init: (2)
 297      |    |    + L3_I2C_SS_LowLevel_Init: (2)
 298      |    |    |    + _CLK_PeripheralClockConfig --> 21
          |    |    | 
 299      |    |    + _I2C_Cmd --> 222
 300      |    |    + _I2C_DeInit --> 228
 301      |    |    + _I2C_Init --> 234
          |    | 
 302      |    + _I2C_SS_ReadOneByte: (9)
 303      |    |    + _I2C_AcknowledgeConfig --> 117
 304      |    |    + _I2C_CheckEvent --> 3
 305      |    |    + _I2C_GenerateSTART --> 4
 306      |    |    + _I2C_GenerateSTOP --> 5
 307      |    |    + _I2C_GetFlagStatus --> 121
 308      |    |    + _I2C_ReceiveData --> 122
 309      |    |    + _I2C_Send7bitAddress --> 6
 310      |    |    + _I2C_SendData --> 7
          |    | 
 311      |    + _delayLFO_ms --> 266
          | 
 312      + L75_State_DisplayMessage: (5)
 313      |    + _CLK_HSICmd --> 9
 314      |    + _CLK_SYSCLKDivConfig --> 10
 315      |    + _CLK_SYSCLKSourceConfig --> 11
 316      |    + _CLK_SYSCLKSourceSwitchCmd --> 12
 317      |    + _LCD_GLASS_DisplayString_1: (5)
 318      |    |    + _LCD_GLASS_Clear --> 16
 319      |    |    + _LCD_GLASS_WriteChar --> 17
          |    | 
          | 
 320      + _CLK_SYSCLKDivConfig --> 10
 321      + _CLK_SYSCLKSourceConfig --> 11
 322      + _EXTI_SetPinSensitivity: (4)
 323      + _FLASH_Unlock --> 74
 324      + _GPIO_Init --> 97
 325      + _GPIO_ResetBits: (5)
 326      + _GPIO_SetBits --> 274
 327      + _LCD_GLASS_Clear --> 16
 328      + _LCD_GLASS_DisplayString --> 15
 329      + _LCD_GLASS_Init: (2)
 330      |    + _CLK_PeripheralClockConfig --> 21
 331      |    + _CLK_RTCClockConfig --> 95
 332      |    + _LCD_Cmd --> 98
 333      |    + _LCD_ContrastConfig --> 144
 334      |    + _LCD_DeadTimeConfig: (3)
 335      |    + _LCD_Init: (7)
 336      |    + _LCD_PortMaskConfig: (4)
 337      |    + _LCD_PulseOnDurationConfig: (3)
          | 
 338      + _Vref_measure: (16)
 339      |    + _LCD_GLASS_DisplayStrDeci --> 237
 340      |    + _Vdd_appli: (14)
 341      |    |    + _ADC_Supply: (5)
 342      |    |    |    + _ADC_ChannelCmd: (8)
 343      |    |    |    + _ADC_Cmd: (5)
 344      |    |    |    + _ADC_DeInit: (2)
 345      |    |    |    + _ADC_GetConversionValue: (6)
 346      |    |    |    + _ADC_GetFlagStatus: (6)
 347      |    |    |    + _ADC_Init: (7)
 348      |    |    |    + _ADC_SamplingTimeConfig: (6)
 349      |    |    |    + _ADC_SchmittTriggerConfig: (8)
 350      |    |    |    + _ADC_SoftwareStartConv: (2)
 351      |    |    |    + _ADC_VrefintCmd: (2)
 352      |    |    |    + _CLK_PeripheralClockConfig --> 21
 353      |    |    |    + _delay_10us --> 20
          |    |    | 
          |    | 
 354      |    + _convert_into_char: (16)
          | 
 355      + _delayLFO_ms --> 266
       
 356 > f_ADC1_COMP_IRQHandler: (6)

 357 > f_DMA1_CHANNEL0_1_IRQHandler: (6)

 358 > f_DMA1_CHANNEL2_3_IRQHandler: (6)

 359 > f_EXTI0_IRQHandler: (6)

 360 > f_EXTI1_IRQHandler: (6)

 361 > f_EXTI2_IRQHandler: (6)

 362 > f_EXTI3_IRQHandler: (6)

 363 > f_EXTI4_IRQHandler: (6)

 364 > f_EXTI5_IRQHandler: (6)

 365 > f_EXTI6_IRQHandler: (6)

 366 > f_EXTI7_IRQHandler: (12)
 367      + _EXTI_ClearITPendingBit: (6)
       
 368 > f_EXTIB_IRQHandler: (6)

 369 > f_EXTID_IRQHandler: (6)

 370 > f_EXTIE_F_PVD_IRQHandler: (6)

 371 > f_FLASH_IRQHandler: (6)

 372 > f_I2C1_IRQHandler: (6)

 373 > f_LCD_IRQHandler: (6)

 374 > f_NonHandledInterrupt: (6)

 375 > f_RTC_IRQHandler: (6)

 376 > f_SPI1_IRQHandler: (6)

 377 > f_SWITCH_CSS_BREAK_DAC_IRQHandler: (6)

 378 > f_TIM1_CAP_IRQHandler: (6)

 379 > f_TIM1_UPD_OVF_TRG_COM_IRQHandler: (6)

 380 > f_TIM2_CAP_IRQHandler: (6)

 381 > f_TIM2_UPD_OVF_TRG_BRK_IRQHandler: (6)

 382 > f_TIM3_CAP_IRQHandler: (6)

 383 > f_TIM3_UPD_OVF_TRG_BRK_IRQHandler: (6)

 384 > f_TIM4_UPD_OVF_TRG_IRQHandler: (6)

 385 > f_TRAP_IRQHandler: (6)

 386 > f_USART1_RX_IRQHandler: (6)

 387 > f_USART1_TX_IRQHandler: (6)

 388   L11_User_CheckNDEFMessage --> 197

 389   L12_DeInitGPIO --> 194

 390   L13_User_ReadNDEFMessage --> 196

 391   L14_User_DisplayOneTemperature --> 236

 392   L16_Check_Code_Length --> 240

 393   L31_User_GetNDEFMessage --> 207

 394   L33_User_DisplayMessage --> 241

 395   L34_User_WriteFirmwareVersion --> 249

 396   L35_Read_Units_from_memory --> 255

 397   L36_Overwrite_dollar_EEPROM --> 256

 398   L3_I2C_SS_LowLevel_Init --> 297

 399   L3_LCD_Conv_Char_Seg --> 18

 400   L3_M24LR04E_LowLevel_DeInit --> 224

 401   L51_ToUpperCase --> 217

 402   L54_Copy_Units_in_other_memory --> 278

 403   L56_OverwriteAll_CODE_EEPROM --> 261

 404   L5_M24LR04E_LowLevel_Init --> 230

 405   L71_DeInitClock --> 285

 406   L72_InitializeBuffer --> 218

 407   L73_User_GetOneTemperature --> 287

 408   L74_Check_PID_Buffer_Equal --> 272

 409   L75_State_DisplayMessage --> 312

 410   L7_User_GetPayloadLength --> 219

 411   _ADC_ChannelCmd --> 342

 412   _ADC_Cmd --> 343

 413   _ADC_DeInit --> 344

 414   _ADC_GetConversionValue --> 345

 415   _ADC_GetFlagStatus --> 346

 416   _ADC_Init --> 347

 417   _ADC_SamplingTimeConfig --> 348

 418   _ADC_SchmittTriggerConfig --> 349

 419   _ADC_SoftwareStartConv --> 350

 420   _ADC_Supply --> 341

 421   _ADC_VrefintCmd --> 351

 422   _CLK_GetClockFreq --> 235

 423   _CLK_HSICmd --> 9

 424   _CLK_LSICmd --> 93

 425   _CLK_PeripheralClockConfig --> 21

 426   _CLK_RTCClockConfig --> 95

 427   _CLK_SYSCLKDivConfig --> 10

 428   _CLK_SYSCLKSourceConfig --> 11

 429   _CLK_SYSCLKSourceSwitchCmd --> 12

 430   _Display_Ram --> 13

 431   _EXTI_ClearITPendingBit --> 367

 432   _EXTI_SetPinSensitivity --> 322

 433   _FLASH_Lock --> 73

 434   _FLASH_Unlock --> 74

 435   _FLASH_WaitForLastOperation --> 62

 436   _GPIO_Init --> 97

 437   _GPIO_LowPower_Config --> 96

 438   _GPIO_ResetBits --> 325

 439   _GPIO_SetBits --> 274

 440   _I2C_AckPositionConfig --> 116

 441   _I2C_AcknowledgeConfig --> 117

 442   _I2C_CheckEvent --> 3

 443   _I2C_ClearFlag --> 149

 444   _I2C_Cmd --> 222

 445   _I2C_DeInit --> 228

 446   _I2C_GenerateSTART --> 4

 447   _I2C_GenerateSTOP --> 5

 448   _I2C_GetFlagStatus --> 121

 449   _I2C_Init --> 234

 450   _I2C_ReceiveData --> 122

 451   _I2C_SS_Config --> 288

 452   _I2C_SS_Init --> 296

 453   _I2C_SS_ReadOneByte --> 302

 454   _I2C_Send7bitAddress --> 6

 455   _I2C_SendData --> 7

 456   _LCD_Cmd --> 98

 457   _LCD_ContrastConfig --> 144

 458   _LCD_DeadTimeConfig --> 334

 459   _LCD_GLASS_Clear --> 16

 460   _LCD_GLASS_DisplayStrDeci --> 237

 461   _LCD_GLASS_DisplayString --> 15

 462   _LCD_GLASS_DisplayString_1 --> 317

 463   _LCD_GLASS_Init --> 329

 464   _LCD_GLASS_ScrollSentenceNbCar --> 246

 465   _LCD_GLASS_ScrollSentenceNbCarLP --> 14

 466   _LCD_GLASS_WriteChar --> 17

 467   _LCD_Init --> 335

 468   _LCD_PortMaskConfig --> 336

 469   _LCD_PulseOnDurationConfig --> 337

 470   _LCD_bar --> 19

 471   _M24LR04E_DeInit --> 223

 472   _M24LR04E_Init --> 229

 473   _M24LR04E_ReadBuffer --> 208

 474   _M24LR04E_ReadOneByte --> 198

 475   _M24LR04E_WriteOneByte --> 2

 476   _Vdd_appli --> 340

 477   _Vref_measure --> 338

 478   __fctcpy --> 22

 479   _convert_into_char --> 354

 480   _delayLFO_ms --> 266

 481   _delay_10us --> 20

 482   _delay_ms --> 135



                               -------
                               Symbols
                               -------

_ADC_AnalogWatchdogChannelSelect      00008368   defined in Debug\stm8l15x_adc.o section .text
_ADC_AnalogWatchdogConfig             00008392   defined in Debug\stm8l15x_adc.o section .text
_ADC_AnalogWatchdogThresholdsConfig   00008377   defined in Debug\stm8l15x_adc.o section .text
_ADC_ChannelCmd                       0000825c   defined in Debug\stm8l15x_adc.o section .text
                                                 used in Debug\vcc_measure.o
_ADC_ClearFlag                        000083ce   defined in Debug\stm8l15x_adc.o section .text
_ADC_ClearITPendingBit                0000840e   defined in Debug\stm8l15x_adc.o section .text
_ADC_Cmd                              0000828a   defined in Debug\stm8l15x_adc.o section .text
                                                 used in Debug\vcc_measure.o
_ADC_DMACmd                           000082b1   defined in Debug\stm8l15x_adc.o section .text
_ADC_DeInit                           0000821b   defined in Debug\stm8l15x_adc.o section .text
                                                 used in Debug\vcc_measure.o
_ADC_ExternalTrigConfig               00008340   defined in Debug\stm8l15x_adc.o section .text
_ADC_GetConversionValue               00008351   defined in Debug\stm8l15x_adc.o section .text
                                                 used in Debug\vcc_measure.o
_ADC_GetFlagStatus                    000083b9   defined in Debug\stm8l15x_adc.o section .text
                                                 used in Debug\vcc_measure.o
_ADC_GetITStatus                      000083d8   defined in Debug\stm8l15x_adc.o section .text
_ADC_ITConfig                         0000829d   defined in Debug\stm8l15x_adc.o section .text
_ADC_Init                             00008243   defined in Debug\stm8l15x_adc.o section .text
                                                 used in Debug\vcc_measure.o
_ADC_SamplingTimeConfig               000082e9   defined in Debug\stm8l15x_adc.o section .text
                                                 used in Debug\vcc_measure.o
_ADC_SchmittTriggerConfig             00008312   defined in Debug\stm8l15x_adc.o section .text
                                                 used in Debug\vcc_measure.o
_ADC_SoftwareStartConv                000082e4   defined in Debug\stm8l15x_adc.o section .text
                                                 used in Debug\vcc_measure.o
_ADC_Supply                           0000946a   defined in Debug\vcc_measure.o section .text
                                                 used in Debug\discover_functions.o
_ADC_TempSensorCmd                    000082c8   defined in Debug\stm8l15x_adc.o section .text
_ADC_VrefintCmd                       000082d6   defined in Debug\stm8l15x_adc.o section .text
                                                 used in Debug\vcc_measure.o
_Bias_Current                         0000100f   defined in Debug\discover_functions.o section .dataeeprom
_CLK_AdjustHSICalibrationValue        00008480   defined in Debug\stm8l15x_clk.o section .text
_CLK_BEEPClockConfig                  000085bc   defined in Debug\stm8l15x_clk.o section .text
_CLK_CCOConfig                        000085aa   defined in Debug\stm8l15x_clk.o section .text
_CLK_ClearFlag                        00008729   defined in Debug\stm8l15x_clk.o section .text
_CLK_ClearITPendingBit                00008773   defined in Debug\stm8l15x_clk.o section .text
_CLK_ClockSecuritySystemEnable        000084d2   defined in Debug\stm8l15x_clk.o section .text
_CLK_ClockSecuritySytemDeglitchCmd    000084d7   defined in Debug\stm8l15x_clk.o section .text
_CLK_DeInit                           00008431   defined in Debug\stm8l15x_clk.o section .text
_CLK_GetClockFreq                     000084e5   defined in Debug\stm8l15x_clk.o section .text
                                                 used in Debug\stm8l15x_i2c.o
_CLK_GetFlagStatus                    00008694   defined in Debug\stm8l15x_clk.o section .text
_CLK_GetITStatus                      0000872e   defined in Debug\stm8l15x_clk.o section .text
_CLK_GetSYSCLKSource                  000084ce   defined in Debug\stm8l15x_clk.o section .text
_CLK_HSEConfig                        0000849a   defined in Debug\stm8l15x_clk.o section .text
_CLK_HSICmd                           00008472   defined in Debug\stm8l15x_clk.o section .text
                                                 used in Debug\delay.o
                                                         Debug\main.o
_CLK_HaltConfig                       0000866d   defined in Debug\stm8l15x_clk.o section .text
_CLK_ITConfig                         0000856a   defined in Debug\stm8l15x_clk.o section .text
_CLK_LSEClockSecuritySystemEnable     00008784   defined in Debug\stm8l15x_clk.o section .text
_CLK_LSEConfig                        000084a9   defined in Debug\stm8l15x_clk.o section .text
_CLK_LSICmd                           0000848c   defined in Debug\stm8l15x_clk.o section .text
                                                 used in Debug\vcc_measure.o
_CLK_MainRegulatorCmd                 00008686   defined in Debug\stm8l15x_clk.o section .text
_CLK_PeripheralClockConfig            000085c0   defined in Debug\stm8l15x_clk.o section .text
                                                 used in Debug\vcc_measure.o
                                                         Debug\delay.o
                                                         Debug\i2c_m24lr04e-r.o
                                                         Debug\i2c_stts751.o
                                                         Debug\main.o
                                                         Debug\stm8l_discovery_lcd.o
_CLK_RTCCLKSwitchOnLSEFailureEnable   00008789   defined in Debug\stm8l15x_clk.o section .text
_CLK_RTCClockConfig                   000085b3   defined in Debug\stm8l15x_clk.o section .text
                                                 used in Debug\vcc_measure.o
                                                         Debug\stm8l_discovery_lcd.o
_CLK_SYSCLKDivConfig                  000084bc   defined in Debug\stm8l15x_clk.o section .text
                                                 used in Debug\delay.o
                                                         Debug\main.o
_CLK_SYSCLKSourceConfig               000084b8   defined in Debug\stm8l15x_clk.o section .text
                                                 used in Debug\delay.o
                                                         Debug\main.o
_CLK_SYSCLKSourceSwitchCmd            000084c0   defined in Debug\stm8l15x_clk.o section .text
                                                 used in Debug\delay.o
                                                         Debug\main.o
_CapLetterMap                         000080f8   defined in Debug\stm8l_discovery_lcd.o section .const
_Display_Ram                          00000100   defined in Debug\discover_functions.o section .DISPLAY, initialized
                                                 used in Debug\main.o
_EEInitial                            00001000   defined in Debug\main.o section .eeprom
_EEMenuState                          0000100e   defined in Debug\main.o section .eeprom
                                                 used in Debug\stm8l15x_it.o
_EE_Buf_Flag                          00001001   defined in Debug\main.o section .eeprom
_EE_Buffer_1                          00001002   defined in Debug\main.o section .eeprom
_EE_Buffer_10                         0000100b   defined in Debug\main.o section .eeprom
_EE_Buffer_11                         0000100c   defined in Debug\main.o section .eeprom
_EE_Buffer_2                          00001003   defined in Debug\main.o section .eeprom
_EE_Buffer_3                          00001004   defined in Debug\main.o section .eeprom
_EE_Buffer_4                          00001005   defined in Debug\main.o section .eeprom
_EE_Buffer_5                          00001006   defined in Debug\main.o section .eeprom
_EE_Buffer_6                          00001007   defined in Debug\main.o section .eeprom
_EE_Buffer_7                          00001008   defined in Debug\main.o section .eeprom
_EE_Buffer_8                          00001009   defined in Debug\main.o section .eeprom
_EE_Buffer_9                          0000100a   defined in Debug\main.o section .eeprom
_EE_Pay_Lengt                         0000100d   defined in Debug\main.o section .eeprom
_EXTI_ClearITPendingBit               00008a8d   defined in Debug\stm8l15x_exti.o section .text
                                                 used in Debug\stm8l15x_it.o
_EXTI_DeInit                          0000878e   defined in Debug\stm8l15x_exti.o section .text
_EXTI_GetITStatus                     00008a66   defined in Debug\stm8l15x_exti.o section .text
_EXTI_GetPinSensitivity               000089e3   defined in Debug\stm8l15x_exti.o section .text
_EXTI_GetPortSensitivity              000089b1   defined in Debug\stm8l15x_exti.o section .text
_EXTI_SelectPort                      00008935   defined in Debug\stm8l15x_exti.o section .text
_EXTI_SetHalfPortSelection            00008975   defined in Debug\stm8l15x_exti.o section .text
_EXTI_SetPinSensitivity               0000880b   defined in Debug\stm8l15x_exti.o section .text
                                                 used in Debug\main.o
_EXTI_SetPortSensitivity              000087af   defined in Debug\stm8l15x_exti.o section .text
_ErrorMessage                         00008099   defined in Debug\main.o section .const
_FLASH_CR2                            00005051   defined in Debug\main.o
                                                 used in (C:\Program Files (x86)\COSMIC\CXSTM8_32K\lib\libm0.sm8)eeprom.o
_FLASH_DeInit                         00008ad5   defined in Debug\stm8l15x_flash.o section .text
_FLASH_EraseBlock                     00008c95   defined in Debug\stm8l15x_flash.o section .text
_FLASH_EraseByte                      00008af3   defined in Debug\stm8l15x_flash.o section .text
_FLASH_EraseOptionByte                00008b2e   defined in Debug\stm8l15x_flash.o section .text
_FLASH_GetBootSize                    00008b61   defined in Debug\stm8l15x_flash.o section .text
_FLASH_GetCodeSize                    00008b7e   defined in Debug\stm8l15x_flash.o section .text
_FLASH_GetFlagStatus                  00008bb0   defined in Debug\stm8l15x_flash.o section .text
_FLASH_GetPowerStatus                 00008c34   defined in Debug\stm8l15x_flash.o section .text
_FLASH_GetProgrammingTime             00008b5b   defined in Debug\stm8l15x_flash.o section .text
_FLASH_GetReadOutProtectionStatus     00008b9b   defined in Debug\stm8l15x_flash.o section .text
_FLASH_IAPSR                          00005054   defined in Debug\main.o
                                                 used in (C:\Program Files (x86)\COSMIC\CXSTM8_32K\lib\libm0.sm8)eeprom.o
_FLASH_ITConfig                       00008ae5   defined in Debug\stm8l15x_flash.o section .text
_FLASH_Lock                           00008ace   defined in Debug\stm8l15x_flash.o section .text
                                                 used in Debug\discover_functions.o
_FLASH_NCR2                           000017ff   defined in Debug\main.o
                                                 used in (C:\Program Files (x86)\COSMIC\CXSTM8_32K\lib\libm0.sm8)eeprom.o
_FLASH_PowerRunModeConfig             00008c25   defined in Debug\stm8l15x_flash.o section .text
_FLASH_PowerWaitModeConfig            00008b4c   defined in Debug\stm8l15x_flash.o section .text
_FLASH_ProgramBias                    00009605   defined in Debug\discover_functions.o section .text
_FLASH_ProgramBlock                   00008c3a   defined in Debug\stm8l15x_flash.o section .text
_FLASH_ProgramByte                    00008af7   defined in Debug\stm8l15x_flash.o section .text
_FLASH_ProgramOptionByte              00008b19   defined in Debug\stm8l15x_flash.o section .text
_FLASH_ProgramWord                    00008afd   defined in Debug\stm8l15x_flash.o section .text
_FLASH_ReadByte                       00008b3d   defined in Debug\stm8l15x_flash.o section .text
_FLASH_SetProgrammingTime             00008b41   defined in Debug\stm8l15x_flash.o section .text
_FLASH_Unlock                         00008ab1   defined in Debug\stm8l15x_flash.o section .text
                                                 used in Debug\discover_functions.o
                                                         Debug\main.o
_FLASH_WaitForLastOperation           00008bc3   defined in Debug\stm8l15x_flash.o section .text
                                                 used in Debug\discover_functions.o
_FirmwareVersion                      000080c2   defined in Debug\main.o section .const
_GPIO_DeInit                          00008cde   defined in Debug\stm8l15x_gpio.o section .text
_GPIO_ExternalPullUpConfig            00008d92   defined in Debug\stm8l15x_gpio.o section .text
_GPIO_Init                            00008ce6   defined in Debug\stm8l15x_gpio.o section .text
                                                 used in Debug\vcc_measure.o
                                                         Debug\i2c_m24lr04e-r.o
                                                         Debug\main.o
_GPIO_LowPower_Config                 0000941c   defined in Debug\vcc_measure.o section .text
_GPIO_ReadInputData                   00008d80   defined in Debug\stm8l15x_gpio.o section .text
_GPIO_ReadInputDataBit                00008d85   defined in Debug\stm8l15x_gpio.o section .text
_GPIO_ReadOutputData                  00008d83   defined in Debug\stm8l15x_gpio.o section .text
_GPIO_ReadOutputDataBit               00008d8c   defined in Debug\stm8l15x_gpio.o section .text
_GPIO_ResetBits                       00008d71   defined in Debug\stm8l15x_gpio.o section .text
                                                 used in Debug\main.o
_GPIO_SetBits                         00008d6a   defined in Debug\stm8l15x_gpio.o section .text
                                                 used in Debug\main.o
_GPIO_ToggleBits                      00008d79   defined in Debug\stm8l15x_gpio.o section .text
_GPIO_Write                           00008d4e   defined in Debug\stm8l15x_gpio.o section .text
_GPIO_WriteBit                        00008d56   defined in Debug\stm8l15x_gpio.o section .text
_Halt_Init                            00009518   defined in Debug\vcc_measure.o section .text
_I2C_ARPCmd                           00009002   defined in Debug\stm8l15x_i2c.o section .text
_I2C_AckPositionConfig                00009060   defined in Debug\stm8l15x_i2c.o section .text
                                                 used in Debug\i2c_stts751.o
_I2C_AcknowledgeConfig                00009015   defined in Debug\stm8l15x_i2c.o section .text
                                                 used in Debug\i2c_m24lr04e-r.o
                                                         Debug\i2c_stts751.o
_I2C_CalculatePEC                     000090ac   defined in Debug\stm8l15x_i2c.o section .text
_I2C_CheckEvent                       0000911f   defined in Debug\stm8l15x_i2c.o section .text
                                                 used in Debug\i2c_m24lr04e-r.o
                                                         Debug\i2c_stts751.o
_I2C_ClearFlag                        000091e8   defined in Debug\stm8l15x_i2c.o section .text
                                                 used in Debug\i2c_m24lr04e-r.o
_I2C_ClearITPendingBit                0000925e   defined in Debug\stm8l15x_i2c.o section .text
_I2C_Cmd                              00008f3e   defined in Debug\stm8l15x_i2c.o section .text
                                                 used in Debug\i2c_m24lr04e-r.o
                                                         Debug\i2c_stts751.o
                                                         Debug\main.o
_I2C_DMACmd                           00008f69   defined in Debug\stm8l15x_i2c.o section .text
_I2C_DMALastTransferCmd               00008f80   defined in Debug\stm8l15x_i2c.o section .text
_I2C_DeInit                           00008daa   defined in Debug\stm8l15x_i2c.o section .text
                                                 used in Debug\i2c_m24lr04e-r.o
                                                         Debug\i2c_stts751.o
_I2C_DualAddressCmd                   00009049   defined in Debug\stm8l15x_i2c.o section .text
_I2C_FastModeDutyCycleConfig          000090bf   defined in Debug\stm8l15x_i2c.o section .text
_I2C_GeneralCallCmd                   00008f97   defined in Debug\stm8l15x_i2c.o section .text
_I2C_GenerateSTART                    00008faa   defined in Debug\stm8l15x_i2c.o section .text
                                                 used in Debug\i2c_m24lr04e-r.o
                                                         Debug\i2c_stts751.o
_I2C_GenerateSTOP                     00008fc1   defined in Debug\stm8l15x_i2c.o section .text
                                                 used in Debug\i2c_m24lr04e-r.o
                                                         Debug\i2c_stts751.o
_I2C_GetFlagStatus                    000091aa   defined in Debug\stm8l15x_i2c.o section .text
                                                 used in Debug\i2c_m24lr04e-r.o
                                                         Debug\i2c_stts751.o
_I2C_GetITStatus                      00009200   defined in Debug\stm8l15x_i2c.o section .text
_I2C_GetLastEvent                     00009173   defined in Debug\stm8l15x_i2c.o section .text
_I2C_GetPEC                           000090ff   defined in Debug\stm8l15x_i2c.o section .text
_I2C_ITConfig                         00008f51   defined in Debug\stm8l15x_i2c.o section .text
_I2C_Init                             00008dc0   defined in Debug\stm8l15x_i2c.o section .text
                                                 used in Debug\i2c_m24lr04e-r.o
                                                         Debug\i2c_stts751.o
_I2C_OwnAddress2Config                0000902c   defined in Debug\stm8l15x_i2c.o section .text
_I2C_PECPositionConfig                0000906f   defined in Debug\stm8l15x_i2c.o section .text
_I2C_ReadRegister                     00009102   defined in Debug\stm8l15x_i2c.o section .text
_I2C_ReceiveData                      000090d8   defined in Debug\stm8l15x_i2c.o section .text
                                                 used in Debug\i2c_m24lr04e-r.o
                                                         Debug\i2c_stts751.o
_I2C_SMBusAlertConfig                 0000907e   defined in Debug\stm8l15x_i2c.o section .text
_I2C_SS_BufferRead                    0000a10e   defined in Debug\i2c_stts751.o section .text
_I2C_SS_Config                        0000a018   defined in Debug\i2c_stts751.o section .text
                                                 used in Debug\main.o
_I2C_SS_Init                          00009fe5   defined in Debug\i2c_stts751.o section .text
                                                 used in Debug\main.o
_I2C_SS_ReadOneByte                   0000a297   defined in Debug\i2c_stts751.o section .text
                                                 used in Debug\main.o
_I2C_Send7bitAddress                  000090db   defined in Debug\stm8l15x_i2c.o section .text
                                                 used in Debug\i2c_m24lr04e-r.o
                                                         Debug\i2c_stts751.o
_I2C_SendData                         000090f6   defined in Debug\stm8l15x_i2c.o section .text
                                                 used in Debug\i2c_m24lr04e-r.o
                                                         Debug\i2c_stts751.o
_I2C_SoftwareResetCmd                 00008fd8   defined in Debug\stm8l15x_i2c.o section .text
_I2C_StretchClockCmd                  00008fef   defined in Debug\stm8l15x_i2c.o section .text
_I2C_TransmitPEC                      00009095   defined in Debug\stm8l15x_i2c.o section .text
_KeyPressed                           00000000   defined in Debug\stm8l_discovery_lcd.o section .bsct, initialized
_LCD_BlinkConfig                      0000938a   defined in Debug\stm8l15x_lcd.o section .text
_LCD_ClearFlag                        000093f2   defined in Debug\stm8l15x_lcd.o section .text
_LCD_ClearITPendingBit                00009417   defined in Debug\stm8l15x_lcd.o section .text
_LCD_Cmd                              0000933a   defined in Debug\stm8l15x_lcd.o section .text
                                                 used in Debug\vcc_measure.o
                                                         Debug\stm8l_discovery_lcd.o
_LCD_ContrastConfig                   000093a9   defined in Debug\stm8l15x_lcd.o section .text
                                                 used in Debug\stm8l_discovery_lcd.o
_LCD_DeInit                           00009276   defined in Debug\stm8l15x_lcd.o section .text
_LCD_DeadTimeConfig                   00009377   defined in Debug\stm8l15x_lcd.o section .text
                                                 used in Debug\stm8l_discovery_lcd.o
_LCD_GLASS_Clear                      0000b568   defined in Debug\stm8l_discovery_lcd.o section .text
                                                 used in Debug\main.o
_LCD_GLASS_DisplayStrDeci             0000b4f5   defined in Debug\stm8l_discovery_lcd.o section .text
                                                 used in Debug\discover_functions.o
                                                         Debug\main.o
_LCD_GLASS_DisplayString              0000b4c5   defined in Debug\stm8l_discovery_lcd.o section .text
                                                 used in Debug\main.o
_LCD_GLASS_DisplayString_1            0000aaa8   defined in Debug\main.o section .text
_LCD_GLASS_Init                       0000af2c   defined in Debug\stm8l_discovery_lcd.o section .text
                                                 used in Debug\main.o
_LCD_GLASS_ScrollSentence             0000b57d   defined in Debug\stm8l_discovery_lcd.o section .text
_LCD_GLASS_ScrollSentenceNbCar        0000b68a   defined in Debug\stm8l_discovery_lcd.o section .text
                                                 used in Debug\main.o
_LCD_GLASS_ScrollSentenceNbCarLP      0000b75a   defined in Debug\stm8l_discovery_lcd.o section .text
                                                 used in Debug\discover_functions.o
_LCD_GLASS_WriteChar                  0000b0a4   defined in Debug\stm8l_discovery_lcd.o section .text
                                                 used in Debug\main.o
_LCD_GetFlagStatus                    000093dd   defined in Debug\stm8l15x_lcd.o section .text
_LCD_GetITStatus                      000093f7   defined in Debug\stm8l15x_lcd.o section .text
_LCD_HighDriveCmd                     00009356   defined in Debug\stm8l15x_lcd.o section .text
_LCD_ITConfig                         00009348   defined in Debug\stm8l15x_lcd.o section .text
_LCD_Init                             000092b1   defined in Debug\stm8l15x_lcd.o section .text
                                                 used in Debug\stm8l_discovery_lcd.o
_LCD_PageSelect                       000093d2   defined in Debug\stm8l15x_lcd.o section .text
_LCD_PortMaskConfig                   000093bc   defined in Debug\stm8l15x_lcd.o section .text
                                                 used in Debug\stm8l_discovery_lcd.o
_LCD_PulseOnDurationConfig            00009364   defined in Debug\stm8l15x_lcd.o section .text
                                                 used in Debug\stm8l_discovery_lcd.o
_LCD_WriteRAM                         000093c7   defined in Debug\stm8l15x_lcd.o section .text
_LCD_bar                              0000af9c   defined in Debug\stm8l_discovery_lcd.o section .text
_LCD_contrast                         0000af72   defined in Debug\stm8l_discovery_lcd.o section .text
_M24LR04E_DeInit                      00009741   defined in Debug\i2c_m24lr04e-r.o section .text
                                                 used in Debug\main.o
_M24LR04E_GetStatus                   00009772   defined in Debug\i2c_m24lr04e-r.o section .text
_M24LR04E_Init                        00009745   defined in Debug\i2c_m24lr04e-r.o section .text
                                                 used in Debug\main.o
_M24LR04E_ReadBuffer                  00009c0b   defined in Debug\i2c_m24lr04e-r.o section .text
                                                 used in Debug\main.o
_M24LR04E_ReadConfReg                 00009e97   defined in Debug\i2c_m24lr04e-r.o section .text
_M24LR04E_ReadOneByte                 00009979   defined in Debug\i2c_m24lr04e-r.o section .text
                                                 used in Debug\main.o
_M24LR04E_ReadReg                     0000981f   defined in Debug\i2c_m24lr04e-r.o section .text
_M24LR04E_ReadTemp                    00009dbf   defined in Debug\i2c_m24lr04e-r.o section .text
_M24LR04E_WriteConfReg                00009f47   defined in Debug\i2c_m24lr04e-r.o section .text
_M24LR04E_WriteOneByte                00009b0b   defined in Debug\i2c_m24lr04e-r.o section .text
                                                 used in Debug\main.o
_M24LR04E_WriteReg                    000098f5   defined in Debug\i2c_m24lr04e-r.o section .text
_NDEFmessage                          00000003   defined in Debug\main.o section .ubsct
                                                 used in Debug\discover_functions.o
_NumberMap                            0000812c   defined in Debug\stm8l_discovery_lcd.o section .const
_PWR_DeInit                           ********   *** removed from Debug\stm8l15x_pwr.o ***
_PWR_FastWakeUpCmd                    ********   *** removed from Debug\stm8l15x_pwr.o ***
_PWR_GetFlagStatus                    ********   *** removed from Debug\stm8l15x_pwr.o ***
_PWR_PVDClearFlag                     ********   *** removed from Debug\stm8l15x_pwr.o ***
_PWR_PVDClearITPendingBit             ********   *** removed from Debug\stm8l15x_pwr.o ***
_PWR_PVDCmd                           ********   *** removed from Debug\stm8l15x_pwr.o ***
_PWR_PVDGetITStatus                   ********   *** removed from Debug\stm8l15x_pwr.o ***
_PWR_PVDITConfig                      ********   *** removed from Debug\stm8l15x_pwr.o ***
_PWR_PVDLevelConfig                   ********   *** removed from Debug\stm8l15x_pwr.o ***
_PWR_UltraLowPowerCmd                 ********   *** removed from Debug\stm8l15x_pwr.o ***
_SYSDivFactor                         00008080   defined in Debug\stm8l15x_clk.o section .const
_Vdd_appli                            000096c8   defined in Debug\discover_functions.o section .text
_Vref_measure                         0000970c   defined in Debug\discover_functions.o section .text
                                                 used in Debug\main.o
__endmem                              000005fe   defined in command file
                                                 *** not used ***
__endzp                               00000050   defined in command file section .ubsct
                                                 used in C:\Program Files (x86)\COSMIC\CXSTM8_32K\lib\crtsi0.sm8
__fctcpy                              0000b82c   defined in (C:\Program Files (x86)\COSMIC\CXSTM8_32K\lib\libm0.sm8)fctcpy.o section .text
                                                 used in Debug\main.o
__idesc__                             0000816f   defined in linker section .init
                                                 used in C:\Program Files (x86)\COSMIC\CXSTM8_32K\lib\crtsi0.sm8
                                                         (C:\Program Files (x86)\COSMIC\CXSTM8_32K\lib\libm0.sm8)fctcpy.o
__memory                              00000100   defined in command file section .bss
                                                 used in C:\Program Files (x86)\COSMIC\CXSTM8_32K\lib\crtsi0.sm8
__stack                               000007ff   defined in command file
                                                 used in C:\Program Files (x86)\COSMIC\CXSTM8_32K\lib\crtsi0.sm8
__startmem                            00000151   defined in command file section .DISPLAY, initialized
                                                 *** not used ***
__stext                               000081d0   defined in C:\Program Files (x86)\COSMIC\CXSTM8_32K\lib\crtsi0.sm8 section .text
                                                 used in Debug\stm8_interrupt_vector.o
__vectab                              00008000   defined in Debug\stm8_interrupt_vector.o section .const
_convert_into_char                    0000961c   defined in Debug\discover_functions.o section .text
_delayLFO_ms                          000095c6   defined in Debug\delay.o section .text
                                                 used in Debug\main.o
_delay_10us                           00009583   defined in Debug\delay.o section .text
                                                 used in Debug\vcc_measure.o
                                                         Debug\stm8l_discovery_lcd.o
_delay_ms                             00009546   defined in Debug\delay.o section .text
                                                 used in Debug\stm8l_discovery_lcd.o
_exit                                 00008219   defined in C:\Program Files (x86)\COSMIC\CXSTM8_32K\lib\crtsi0.sm8 section .text
_itoa                                 ********   *** removed from Debug\misc.o ***
_main                                 0000a407   defined in Debug\main.o section .text
                                                 used in C:\Program Files (x86)\COSMIC\CXSTM8_32K\lib\crtsi0.sm8
_state_machine                        00000045   defined in Debug\main.o section .ubsct
                                                 used in Debug\stm8l15x_it.o
                                                         Debug\stm8l_discovery_lcd.o
_t_bar                                00000001   defined in Debug\stm8l_discovery_lcd.o section .bsct, initialized
                                                 used in Debug\main.o
c_cmulx                               0000b861   defined in (C:\Program Files (x86)\COSMIC\CXSTM8_32K\lib\libm0.sm8)cmulx.o section .text
                                                 used in Debug\stm8l15x_flash.o
c_divsl                               0000bc14   defined in (C:\Program Files (x86)\COSMIC\CXSTM8_32K\lib\libm0.sm8)ldiv.o section .text
                                                 *** not used ***
c_divul                               0000bc2b   defined in (C:\Program Files (x86)\COSMIC\CXSTM8_32K\lib\libm0.sm8)ldiv.o section .text
                                                 used in (C:\Program Files (x86)\COSMIC\CXSTM8_32K\lib\libm0.sm8)ludiv.o
                                                         (C:\Program Files (x86)\COSMIC\CXSTM8_32K\lib\libm0.sm8)lumod.o
c_eewrc                               0000b88b   defined in (C:\Program Files (x86)\COSMIC\CXSTM8_32K\lib\libm0.sm8)eeprom.o section .text
                                                 used in Debug\main.o
                                                         Debug\stm8l15x_it.o
c_eewrd                               0000b8be   defined in (C:\Program Files (x86)\COSMIC\CXSTM8_32K\lib\libm0.sm8)eeprom.o section .text
                                                 *** not used ***
c_eewrw                               0000b875   defined in (C:\Program Files (x86)\COSMIC\CXSTM8_32K\lib\libm0.sm8)eeprom.o section .text
                                                 *** not used ***
c_fdiv                                0000b8db   defined in (C:\Program Files (x86)\COSMIC\CXSTM8_32K\lib\libm0.sm8)fdiv.o section .text
                                                 used in Debug\discover_functions.o
c_fgmul                               0000b95f   defined in (C:\Program Files (x86)\COSMIC\CXSTM8_32K\lib\libm0.sm8)fgmul.o section .text
                                                 used in Debug\discover_functions.o
c_fmul                                0000b967   defined in (C:\Program Files (x86)\COSMIC\CXSTM8_32K\lib\libm0.sm8)fmul.o section .text
                                                 used in Debug\discover_functions.o
                                                         (C:\Program Files (x86)\COSMIC\CXSTM8_32K\lib\libm0.sm8)fgmul.o
c_ftoi                                0000ba3c   defined in (C:\Program Files (x86)\COSMIC\CXSTM8_32K\lib\libm0.sm8)ftol.o section .text
                                                 used in Debug\discover_functions.o
c_ftol                                0000ba42   defined in (C:\Program Files (x86)\COSMIC\CXSTM8_32K\lib\libm0.sm8)ftol.o section .text
c_idiv                                0000ba9e   defined in (C:\Program Files (x86)\COSMIC\CXSTM8_32K\lib\libm0.sm8)idiv.o section .text
                                                 used in Debug\stm8l_discovery_lcd.o
c_itof                                0000babc   defined in (C:\Program Files (x86)\COSMIC\CXSTM8_32K\lib\libm0.sm8)itof.o section .text
                                                 used in Debug\discover_functions.o
c_ladd                                0000baea   defined in (C:\Program Files (x86)\COSMIC\CXSTM8_32K\lib\libm0.sm8)ladd.o section .text
                                                 used in Debug\stm8l15x_flash.o
                                                         Debug\misc.o
c_lcmp                                0000bb02   defined in (C:\Program Files (x86)\COSMIC\CXSTM8_32K\lib\libm0.sm8)lcmp.o section .text
                                                 used in Debug\stm8l15x_i2c.o
c_lgadd                               0000bb22   defined in (C:\Program Files (x86)\COSMIC\CXSTM8_32K\lib\libm0.sm8)lgadd.o section .text
                                                 used in Debug\stm8l15x_flash.o
c_lgneg                               0000bcff   defined in (C:\Program Files (x86)\COSMIC\CXSTM8_32K\lib\libm0.sm8)lgneg.o section .text
                                                 used in (C:\Program Files (x86)\COSMIC\CXSTM8_32K\lib\libm0.sm8)ldiv.o
c_lgsbc                               0000bb39   defined in (C:\Program Files (x86)\COSMIC\CXSTM8_32K\lib\libm0.sm8)lgsbc.o section .text
                                                 used in Debug\stm8l15x_flash.o
                                                         Debug\i2c_m24lr04e-r.o
                                                         Debug\i2c_stts751.o
c_lmul                                0000bb4f   defined in (C:\Program Files (x86)\COSMIC\CXSTM8_32K\lib\libm0.sm8)lmul.o section .text
                                                 used in Debug\stm8l15x_i2c.o
c_lmulc                               0000bb57   defined in (C:\Program Files (x86)\COSMIC\CXSTM8_32K\lib\libm0.sm8)lmul.o section .text
                                                 *** not used ***
c_lneg                                0000bd12   defined in (C:\Program Files (x86)\COSMIC\CXSTM8_32K\lib\libm0.sm8)lneg.o section .text
                                                 used in (C:\Program Files (x86)\COSMIC\CXSTM8_32K\lib\libm0.sm8)ldiv.o
c_lreg                                00000046   defined in (C:\Program Files (x86)\COSMIC\CXSTM8_32K\lib\libm0.sm8)lreg.o section .ubsct
                                                 used in Debug\stm8l15x_clk.o
                                                         Debug\stm8l15x_flash.o
                                                         Debug\stm8l15x_i2c.o
                                                         Debug\misc.o
                                                         (C:\Program Files (x86)\COSMIC\CXSTM8_32K\lib\libm0.sm8)cmulx.o
                                                         (C:\Program Files (x86)\COSMIC\CXSTM8_32K\lib\libm0.sm8)eeprom.o
                                                         (C:\Program Files (x86)\COSMIC\CXSTM8_32K\lib\libm0.sm8)fdiv.o
                                                         (C:\Program Files (x86)\COSMIC\CXSTM8_32K\lib\libm0.sm8)fmul.o
                                                         (C:\Program Files (x86)\COSMIC\CXSTM8_32K\lib\libm0.sm8)ftol.o
                                                         (C:\Program Files (x86)\COSMIC\CXSTM8_32K\lib\libm0.sm8)itof.o
                                                         (C:\Program Files (x86)\COSMIC\CXSTM8_32K\lib\libm0.sm8)ladd.o
                                                         (C:\Program Files (x86)\COSMIC\CXSTM8_32K\lib\libm0.sm8)lcmp.o
                                                         (C:\Program Files (x86)\COSMIC\CXSTM8_32K\lib\libm0.sm8)lgadd.o
                                                         (C:\Program Files (x86)\COSMIC\CXSTM8_32K\lib\libm0.sm8)lmul.o
                                                         (C:\Program Files (x86)\COSMIC\CXSTM8_32K\lib\libm0.sm8)lrzmp.o
                                                         (C:\Program Files (x86)\COSMIC\CXSTM8_32K\lib\libm0.sm8)ltor.o
                                                         (C:\Program Files (x86)\COSMIC\CXSTM8_32K\lib\libm0.sm8)ldiv.o
                                                         (C:\Program Files (x86)\COSMIC\CXSTM8_32K\lib\libm0.sm8)lneg.o
                                                         (C:\Program Files (x86)\COSMIC\CXSTM8_32K\lib\libm0.sm8)lumod.o
                                                         (C:\Program Files (x86)\COSMIC\CXSTM8_32K\lib\libm0.sm8)rtol.o
                                                         (C:\Program Files (x86)\COSMIC\CXSTM8_32K\lib\libm0.sm8)smul.o
                                                         (C:\Program Files (x86)\COSMIC\CXSTM8_32K\lib\libm0.sm8)uitof.o
                                                         (C:\Program Files (x86)\COSMIC\CXSTM8_32K\lib\libm0.sm8)utol.o
                                                         (C:\Program Files (x86)\COSMIC\CXSTM8_32K\lib\libm0.sm8)utolx.o
c_lrzmp                               0000bbda   defined in (C:\Program Files (x86)\COSMIC\CXSTM8_32K\lib\libm0.sm8)lrzmp.o section .text
                                                 used in Debug\i2c_m24lr04e-r.o
                                                         Debug\i2c_stts751.o
c_ltor                                0000bbee   defined in (C:\Program Files (x86)\COSMIC\CXSTM8_32K\lib\libm0.sm8)ltor.o section .text
                                                 used in Debug\stm8l15x_clk.o
                                                         Debug\stm8l15x_i2c.o
                                                         Debug\discover_functions.o
                                                         Debug\i2c_m24lr04e-r.o
                                                         Debug\i2c_stts751.o
                                                         Debug\misc.o
c_ludv                                0000bc00   defined in (C:\Program Files (x86)\COSMIC\CXSTM8_32K\lib\libm0.sm8)ludiv.o section .text
                                                 used in Debug\stm8l15x_clk.o
                                                         Debug\stm8l15x_i2c.o
                                                         Debug\misc.o
c_lumd                                ********   *** removed from (C:\Program Files (x86)\COSMIC\CXSTM8_32K\lib\libm0.sm8)lumod.o ***
c_lzmp                                0000bd27   defined in (C:\Program Files (x86)\COSMIC\CXSTM8_32K\lib\libm0.sm8)lzmp.o section .text
                                                 used in Debug\stm8l15x_flash.o
                                                         Debug\stm8l15x_i2c.o
                                                         Debug\i2c_m24lr04e-r.o
                                                         Debug\misc.o
c_okdiv                               0000b8eb   defined in (C:\Program Files (x86)\COSMIC\CXSTM8_32K\lib\libm0.sm8)fdiv.o section .text
                                                 *** not used ***
c_okmul                               0000b975   defined in (C:\Program Files (x86)\COSMIC\CXSTM8_32K\lib\libm0.sm8)fmul.o section .text
                                                 *** not used ***
c_rtol                                0000bd3a   defined in (C:\Program Files (x86)\COSMIC\CXSTM8_32K\lib\libm0.sm8)rtol.o section .text
                                                 used in Debug\stm8l15x_clk.o
                                                         Debug\stm8l15x_i2c.o
                                                         Debug\discover_functions.o
                                                         Debug\misc.o
                                                         (C:\Program Files (x86)\COSMIC\CXSTM8_32K\lib\libm0.sm8)fgmul.o
c_sdivx                               0000bd52   defined in (C:\Program Files (x86)\COSMIC\CXSTM8_32K\lib\libm0.sm8)sdivx.o section .text
                                                 used in Debug\stm8l15x_i2c.o
                                                         Debug\main.o
c_smodx                               0000bd4c   defined in (C:\Program Files (x86)\COSMIC\CXSTM8_32K\lib\libm0.sm8)sdivx.o section .text
                                                 used in Debug\main.o
c_smul                                0000bd77   defined in (C:\Program Files (x86)\COSMIC\CXSTM8_32K\lib\libm0.sm8)smul.o section .text
                                                 used in Debug\stm8l15x_i2c.o
c_uitof                               0000bdb6   defined in (C:\Program Files (x86)\COSMIC\CXSTM8_32K\lib\libm0.sm8)uitof.o section .text
                                                 used in Debug\discover_functions.o
c_uitol                               0000bdda   defined in (C:\Program Files (x86)\COSMIC\CXSTM8_32K\lib\libm0.sm8)utol.o section .text
                                                 used in Debug\stm8l15x_i2c.o
c_uitolx                              ********   *** removed from (C:\Program Files (x86)\COSMIC\CXSTM8_32K\lib\libm0.sm8)utolx.o ***
c_x                                   0000004a   defined in (C:\Program Files (x86)\COSMIC\CXSTM8_32K\lib\libm0.sm8)xreg.o section .ubsct
                                                 used in C:\Program Files (x86)\COSMIC\CXSTM8_32K\lib\crtsi0.sm8
                                                         Debug\main.o
                                                         Debug\stm8l15x_it.o
                                                         (C:\Program Files (x86)\COSMIC\CXSTM8_32K\lib\libm0.sm8)fctcpy.o
                                                         (C:\Program Files (x86)\COSMIC\CXSTM8_32K\lib\libm0.sm8)fdiv.o
                                                         (C:\Program Files (x86)\COSMIC\CXSTM8_32K\lib\libm0.sm8)fmul.o
                                                         (C:\Program Files (x86)\COSMIC\CXSTM8_32K\lib\libm0.sm8)lmul.o
                                                         (C:\Program Files (x86)\COSMIC\CXSTM8_32K\lib\libm0.sm8)ldiv.o
                                                         (C:\Program Files (x86)\COSMIC\CXSTM8_32K\lib\libm0.sm8)sdivx.o
                                                         (C:\Program Files (x86)\COSMIC\CXSTM8_32K\lib\libm0.sm8)xymvx.o
c_xymvx                               0000bde5   defined in (C:\Program Files (x86)\COSMIC\CXSTM8_32K\lib\libm0.sm8)xymvx.o section .text
                                                 used in Debug\stm8l_discovery_lcd.o
c_y                                   0000004d   defined in (C:\Program Files (x86)\COSMIC\CXSTM8_32K\lib\libm0.sm8)yreg.o section .ubsct
                                                 used in C:\Program Files (x86)\COSMIC\CXSTM8_32K\lib\crtsi0.sm8
                                                         Debug\stm8l15x_it.o
                                                         Debug\stm8l_discovery_lcd.o
f_ADC1_COMP_IRQHandler                0000af14   defined in Debug\stm8l15x_it.o section .text
                                                 used in Debug\stm8_interrupt_vector.o
f_DMA1_CHANNEL0_1_IRQHandler          0000aea4   defined in Debug\stm8l15x_it.o section .text
                                                 used in Debug\stm8_interrupt_vector.o
f_DMA1_CHANNEL2_3_IRQHandler          0000aea6   defined in Debug\stm8l15x_it.o section .text
                                                 used in Debug\stm8_interrupt_vector.o
f_EXTI0_IRQHandler                    0000aeb0   defined in Debug\stm8l15x_it.o section .text
                                                 used in Debug\stm8_interrupt_vector.o
f_EXTI1_IRQHandler                    0000aeb2   defined in Debug\stm8l15x_it.o section .text
                                                 used in Debug\stm8_interrupt_vector.o
f_EXTI2_IRQHandler                    0000aeb4   defined in Debug\stm8l15x_it.o section .text
                                                 used in Debug\stm8_interrupt_vector.o
f_EXTI3_IRQHandler                    0000aeb6   defined in Debug\stm8l15x_it.o section .text
                                                 used in Debug\stm8_interrupt_vector.o
f_EXTI4_IRQHandler                    0000aeb8   defined in Debug\stm8l15x_it.o section .text
                                                 used in Debug\stm8_interrupt_vector.o
f_EXTI5_IRQHandler                    0000aeba   defined in Debug\stm8l15x_it.o section .text
                                                 used in Debug\stm8_interrupt_vector.o
f_EXTI6_IRQHandler                    0000aebc   defined in Debug\stm8l15x_it.o section .text
                                                 used in Debug\stm8_interrupt_vector.o
f_EXTI7_IRQHandler                    0000aebd   defined in Debug\stm8l15x_it.o section .text
                                                 used in Debug\stm8_interrupt_vector.o
f_EXTIB_IRQHandler                    0000aeac   defined in Debug\stm8l15x_it.o section .text
                                                 used in Debug\stm8_interrupt_vector.o
f_EXTID_IRQHandler                    0000aeae   defined in Debug\stm8l15x_it.o section .text
                                                 used in Debug\stm8_interrupt_vector.o
f_EXTIE_F_PVD_IRQHandler              0000aeaa   defined in Debug\stm8l15x_it.o section .text
                                                 used in Debug\stm8_interrupt_vector.o
f_FLASH_IRQHandler                    0000aea2   defined in Debug\stm8l15x_it.o section .text
                                                 used in Debug\stm8_interrupt_vector.o
f_I2C1_IRQHandler                     0000af2a   defined in Debug\stm8l15x_it.o section .text
                                                 used in Debug\stm8_interrupt_vector.o
f_LCD_IRQHandler                      0000af10   defined in Debug\stm8l15x_it.o section .text
                                                 used in Debug\stm8_interrupt_vector.o
f_NonHandledInterrupt                 0000ae9e   defined in Debug\stm8l15x_it.o section .text
                                                 used in Debug\stm8_interrupt_vector.o
f_RTC_IRQHandler                      0000aea8   defined in Debug\stm8l15x_it.o section .text
                                                 used in Debug\stm8_interrupt_vector.o
f_SPI1_IRQHandler                     0000af24   defined in Debug\stm8l15x_it.o section .text
                                                 used in Debug\stm8_interrupt_vector.o
f_SWITCH_CSS_BREAK_DAC_IRQHandler     0000af12   defined in Debug\stm8l15x_it.o section .text
                                                 used in Debug\stm8_interrupt_vector.o
f_TIM1_CAP_IRQHandler                 0000af20   defined in Debug\stm8l15x_it.o section .text
                                                 used in Debug\stm8_interrupt_vector.o
f_TIM1_UPD_OVF_TRG_COM_IRQHandler     0000af1e   defined in Debug\stm8l15x_it.o section .text
                                                 used in Debug\stm8_interrupt_vector.o
f_TIM2_CAP_IRQHandler                 0000af18   defined in Debug\stm8l15x_it.o section .text
                                                 used in Debug\stm8_interrupt_vector.o
f_TIM2_UPD_OVF_TRG_BRK_IRQHandler     0000af16   defined in Debug\stm8l15x_it.o section .text
                                                 used in Debug\stm8_interrupt_vector.o
f_TIM3_CAP_IRQHandler                 0000af1c   defined in Debug\stm8l15x_it.o section .text
                                                 used in Debug\stm8_interrupt_vector.o
f_TIM3_UPD_OVF_TRG_BRK_IRQHandler     0000af1a   defined in Debug\stm8l15x_it.o section .text
                                                 used in Debug\stm8_interrupt_vector.o
f_TIM4_UPD_OVF_TRG_IRQHandler         0000af22   defined in Debug\stm8l15x_it.o section .text
                                                 used in Debug\stm8_interrupt_vector.o
f_TRAP_IRQHandler                     0000aea0   defined in Debug\stm8l15x_it.o section .text
                                                 used in Debug\stm8_interrupt_vector.o
f_USART1_RX_IRQHandler                0000af28   defined in Debug\stm8l15x_it.o section .text
                                                 used in Debug\stm8_interrupt_vector.o
f_USART1_TX_IRQHandler                0000af26   defined in Debug\stm8l15x_it.o section .text
                                                 used in Debug\stm8_interrupt_vector.o
